
Optional file libmchp_peripheral.a not found

Optional file libmchp_peripheral_32MX795F512L.a not found
Archive member included because of file (symbol)

c:/program files (x86)/microchip/xc32/v1.42/bin/bin/../../lib/gcc/pic32mx/4.8.3\libgcc.a(floatunsisf.o)
                              build/milestone1/debug/_ext/1360937237/navigation.o (__floatunsisf)
c:/program files (x86)/microchip/xc32/v1.42/bin/bin/../../lib/gcc/pic32mx/4.8.3/../../../../pic32mx/lib\libpic32.a(memcpy.o)
                              build/milestone1/debug/_ext/1094534103/queue.o (memcpy)
c:/program files (x86)/microchip/xc32/v1.42/bin/bin/../../lib/gcc/pic32mx/4.8.3/../../../../pic32mx/lib\libpic32.a(memset.o)
                              build/milestone1/debug/_ext/1942690078/drv_i2c.o (memset)
c:/program files (x86)/microchip/xc32/v1.42/bin/bin/../../lib/gcc/pic32mx/4.8.3/../../../../pic32mx/lib\libpic32.a(strcpy.o)
                              build/milestone1/debug/_ext/1360937237/communication.o (strcpy)
c:/program files (x86)/microchip/xc32/v1.42/bin/bin/../../lib/gcc/pic32mx/4.8.3/../../../../pic32mx/lib\libpic32.a(strlen.o)
                              build/milestone1/debug/_ext/1360937237/communication.o (strlen)
c:/program files (x86)/microchip/xc32/v1.42/bin/bin/../../lib/gcc/pic32mx/4.8.3/../../../../pic32mx/lib\libpic32.a(default-bootstrap-exception-handler.o)
                              c:/program files (x86)/microchip/xc32/v1.42/bin/bin/../../lib/gcc/pic32mx/4.8.3/../../../../pic32mx/lib/./proc/32MX795F512L/crt0_mips32r2.o (_bootstrap_exception_handler)
c:/program files (x86)/microchip/xc32/v1.42/bin/bin/../../lib/gcc/pic32mx/4.8.3/../../../../pic32mx/lib\libpic32.a(default-on-reset.o)
                              c:/program files (x86)/microchip/xc32/v1.42/bin/bin/../../lib/gcc/pic32mx/4.8.3/../../../../pic32mx/lib/./proc/32MX795F512L/crt0_mips32r2.o (_on_reset)
c:/program files (x86)/microchip/xc32/v1.42/bin/bin/../../lib/gcc/pic32mx/4.8.3/../../../../pic32mx/lib\libpic32.a(default-on-bootstrap.o)
                              c:/program files (x86)/microchip/xc32/v1.42/bin/bin/../../lib/gcc/pic32mx/4.8.3/../../../../pic32mx/lib/./proc/32MX795F512L/crt0_mips32r2.o (_on_bootstrap)
c:/program files (x86)/microchip/xc32/v1.42/bin/bin/../../lib/gcc/pic32mx/4.8.3/../../../../pic32mx/lib\libpic32.a(default-nmi-handler.o)
                              c:/program files (x86)/microchip/xc32/v1.42/bin/bin/../../lib/gcc/pic32mx/4.8.3/../../../../pic32mx/lib/./proc/32MX795F512L/crt0_mips32r2.o (_nmi_handler)
c:/program files (x86)/microchip/xc32/v1.42/bin/bin/../../lib/gcc/pic32mx/4.8.3/../../../../pic32mx/lib\libpic32.a(general-exception.o)
                              c:/program files (x86)/microchip/xc32/v1.42/bin/bin/../../lib/gcc/pic32mx/4.8.3/../../../../pic32mx/lib/./proc/32MX795F512L/crt0_mips32r2.o (_general_exception_context)
c:/program files (x86)/microchip/xc32/v1.42/bin/bin/../../lib/gcc/pic32mx/4.8.3/../../../../pic32mx/lib\libpic32.a(vector0.o)
                              c:/program files (x86)/microchip/xc32/v1.42/bin/bin/../../lib/gcc/pic32mx/4.8.3/../../../../pic32mx/lib/./proc/32MX795F512L\default_isr_vectors.o (__vector_dispatch_0)
c:/program files (x86)/microchip/xc32/v1.42/bin/bin/../../lib/gcc/pic32mx/4.8.3/../../../../pic32mx/lib\libpic32.a(vector2.o)
                              c:/program files (x86)/microchip/xc32/v1.42/bin/bin/../../lib/gcc/pic32mx/4.8.3/../../../../pic32mx/lib/./proc/32MX795F512L\default_isr_vectors.o (__vector_dispatch_2)
c:/program files (x86)/microchip/xc32/v1.42/bin/bin/../../lib/gcc/pic32mx/4.8.3/../../../../pic32mx/lib\libpic32.a(vector3.o)
                              c:/program files (x86)/microchip/xc32/v1.42/bin/bin/../../lib/gcc/pic32mx/4.8.3/../../../../pic32mx/lib/./proc/32MX795F512L\default_isr_vectors.o (__vector_dispatch_3)
c:/program files (x86)/microchip/xc32/v1.42/bin/bin/../../lib/gcc/pic32mx/4.8.3/../../../../pic32mx/lib\libpic32.a(vector5.o)
                              c:/program files (x86)/microchip/xc32/v1.42/bin/bin/../../lib/gcc/pic32mx/4.8.3/../../../../pic32mx/lib/./proc/32MX795F512L\default_isr_vectors.o (__vector_dispatch_5)
c:/program files (x86)/microchip/xc32/v1.42/bin/bin/../../lib/gcc/pic32mx/4.8.3/../../../../pic32mx/lib\libpic32.a(vector6.o)
                              c:/program files (x86)/microchip/xc32/v1.42/bin/bin/../../lib/gcc/pic32mx/4.8.3/../../../../pic32mx/lib/./proc/32MX795F512L\default_isr_vectors.o (__vector_dispatch_6)
c:/program files (x86)/microchip/xc32/v1.42/bin/bin/../../lib/gcc/pic32mx/4.8.3/../../../../pic32mx/lib\libpic32.a(vector7.o)
                              c:/program files (x86)/microchip/xc32/v1.42/bin/bin/../../lib/gcc/pic32mx/4.8.3/../../../../pic32mx/lib/./proc/32MX795F512L\default_isr_vectors.o (__vector_dispatch_7)
c:/program files (x86)/microchip/xc32/v1.42/bin/bin/../../lib/gcc/pic32mx/4.8.3/../../../../pic32mx/lib\libpic32.a(vector9.o)
[...]
Memory Configuration

Name             Origin             Length             Attributes
kseg0_data_mem   0x80000000         0x00000200
kseg1_data_mem   0xa0000000         0x00020000         w !x
kseg0_boot_mem   0x9fc00490         0x00000970
kseg1_boot_mem   0xbfc00000         0x00000490
kseg0_program_mem 0x9d000000         0x00080000         xr
exception_mem    0x9fc01000         0x00001000
debug_exec_mem   0xbfc02000         0x00000ff0
config3          0xbfc02ff0         0x00000004
config2          0xbfc02ff4         0x00000004
config1          0xbfc02ff8         0x00000004
config0          0xbfc02ffc         0x00000004
sfrs             0xbf800000         0x00100000
configsfrs       0xbfc02ff0         0x00000010
*default*        0x00000000         0xffffffff

Linker script and memory map


reserve_data_0_kseg0
                0x80000000      0x200
                0x80000000        0x2 SHORT 0x0
                0x000001fd                . = 0x1fd
 *fill*         0x80000002      0x1fb 
                0x80000200                . = ALIGN (0x4)
 *fill*         0x800001fd        0x3 

reserve_data_0_kseg1
                0xa0000000      0x200
                0xa0000000        0x2 SHORT 0x0
                0x000001fd                . = 0x1fd
 *fill*         0xa0000002      0x1fb 
                0xa0000200                . = ALIGN (0x4)
 *fill*         0xa00001fd        0x3 

reserve_boot_0x1fc02000_kseg0
                0x9fc02000      0xff0
                0x9fc02000        0x2 SHORT 0x0
                0x00000500                . = 0x500
 *fill*         0x9fc02002      0x4fe 
                0x9fc02500                . = ALIGN (0x4)
                0x9fc02500        0x2 SHORT 0x0
                0x00000ff0                . = 0xff0
 *fill*         0x9fc02502      0xaee 
                0x9fc02ff0                . = ALIGN (0x4)

reserve_boot_0x1fc02000_kseg1
                0xbfc02000      0xff0
                0xbfc02000        0x2 SHORT 0x0
                0x00000500                . = 0x500
 *fill*         0xbfc02002      0x4fe 
                0xbfc02500                . = ALIGN (0x4)
                0xbfc02500        0x2 SHORT 0x0
                0x00000ff0                . = 0xff0
 *fill*         0xbfc02502      0xaee 
                0xbfc02ff0                . = ALIGN (0x4)
LOAD c:/program files (x86)/microchip/xc32/v1.42/bin/bin/../../lib/gcc/pic32mx/4.8.3/../../../../pic32mx/lib/./proc/32MX795F512L/crt0_mips32r2.o
LOAD c:/program files (x86)/microchip/xc32/v1.42/bin/bin/../../lib/gcc/pic32mx/4.8.3/../../../../pic32mx/lib\software-debug-break.o
LOAD build/milestone1/debug/_ext/1360937237/app.o
LOAD build/milestone1/debug/_ext/1360937237/main.o
LOAD build/milestone1/debug/_ext/1360937237/navigation.o
LOAD build/milestone1/debug/_ext/1360937237/communication.o
LOAD build/milestone1/debug/_ext/1360937237/ms2test.o
LOAD build/milestone1/debug/_ext/1360937237/pathfinding.o
LOAD build/milestone1/debug/_ext/1360937237/flagcapture.o
LOAD build/milestone1/debug/_ext/1360937237/mapping.o
LOAD build/milestone1/debug/_ext/1360937237/LED.o
LOAD build/milestone1/debug/_ext/1360937237/linesensing.o
LOAD build/milestone1/debug/_ext/1360937237/myi2c.o
LOAD build/milestone1/debug/_ext/1360937237/debug.o
LOAD build/milestone1/debug/_ext/1360937237/motor.o
LOAD build/milestone1/debug/_ext/1360937237/myjson.o
LOAD build/milestone1/debug/_ext/1360937237/electromagnet.o
LOAD build/milestone1/debug/_ext/1942690078/drv_i2c.o
LOAD build/milestone1/debug/_ext/1720177678/osal_freertos.o
LOAD build/milestone1/debug/_ext/758908392/sys_devcon.o
LOAD build/milestone1/debug/_ext/758908392/sys_devcon_pic32mx.o
LOAD build/milestone1/debug/_ext/526036082/sys_int_pic32.o
LOAD build/milestone1/debug/_ext/1094534103/croutine.o
LOAD build/milestone1/debug/_ext/1094534103/list.o
LOAD build/milestone1/debug/_ext/1094534103/queue.o
LOAD build/milestone1/debug/_ext/1094534103/tasks.o
LOAD build/milestone1/debug/_ext/1094534103/timers.o
LOAD build/milestone1/debug/_ext/1094534103/event_groups.o
LOAD build/milestone1/debug/_ext/1042102804/heap_1.o
LOAD build/milestone1/debug/_ext/1270971519/port.o
LOAD build/milestone1/debug/_ext/1270971519/port_asm.o
LOAD build/milestone1/debug/_ext/1864120335/drv_tmr_static.o
LOAD build/milestone1/debug/_ext/1864120335/drv_tmr_mapping.o
LOAD build/milestone1/debug/_ext/192191419/drv_usart_mapping.o
LOAD build/milestone1/debug/_ext/192191419/drv_usart_static.o
LOAD build/milestone1/debug/_ext/192191419/drv_usart_static_byte_model.o
LOAD build/milestone1/debug/_ext/383799649/sys_clk_static.o
LOAD build/milestone1/debug/_ext/956857457/sys_ports_static.o
LOAD build/milestone1/debug/_ext/1555642536/system_init.o
LOAD build/milestone1/debug/_ext/1555642536/system_interrupt.o
LOAD build/milestone1/debug/_ext/1555642536/system_exceptions.o
LOAD build/milestone1/debug/_ext/1555642536/system_tasks.o
LOAD build/milestone1/debug/_ext/1555642536/system_interrupt_a.o
LOAD build/milestone1/debug/_ext/1555642536/rtos_hooks.o
LOAD ..\..\..\..\..\..\..\..\..\microchip\harmony\v1_09\bin\framework\peripheral\PIC32MX795F512L_peripherals.a
                0x00000001                __MPLAB_BUILD = 0x1
                0x00000001                __MPLAB_DEBUG = 0x1
                0x00000001                __DEBUG = 0x1
                0x00000001                __MPLAB_DEBUGGER_PK3 = 0x1
                0x00000000                _min_heap_size = 0x0
LOAD c:/program files (x86)/microchip/xc32/v1.42/bin/bin/../../lib/gcc/pic32mx/4.8.3/../../../../pic32mx/lib/./proc/32MX795F512L\default_isr_vectors.o
LOAD c:/program files (x86)/microchip/xc32/v1.42/bin/bin/../../lib/gcc/pic32mx/4.8.3/../../../../pic32mx/lib\pic32_software_reset.o
                0x00000400                PROVIDE (_min_stack_size, 0x400)
LOAD c:/program files (x86)/microchip/xc32/v1.42/bin/bin/../../lib/gcc/pic32mx/4.8.3/../../../../pic32mx/lib/./proc/32MX795F512L\processor.o
START GROUP
LOAD libmchp_peripheral.a
END GROUP
START GROUP
LOAD libmchp_peripheral_32MX795F512L.a
END GROUP
                0x00000001                PROVIDE (_vector_spacing, 0x1)
                0x9fc01000                PROVIDE (_ebase_address, 0x9fc01000)
                0xbfc00000                _RESET_ADDR = 0xbfc00000
                0xbfc00380                _BEV_EXCPT_ADDR = 0xbfc00380
                0xbfc00480                _DBG_EXCPT_ADDR = 0xbfc00480
                0xbfc02000                _DBG_CODE_ADDR = 0xbfc02000
                0x00000ff0                _DBG_CODE_SIZE = 0xff0
                0x9fc01180                _GEN_EXCPT_ADDR = (_ebase_address + 0x180)

.config_BFC02FF0
                0xbfc02ff0        0x4
 *(.config_BFC02FF0)
 .config_BFC02FF0
                0xbfc02ff0        0x4 build/milestone1/debug/_ext/1555642536/system_init.o

.config_BFC02FF4
                0xbfc02ff4        0x4
 *(.config_BFC02FF4)
 .config_BFC02FF4
                0xbfc02ff4        0x4 build/milestone1/debug/_ext/1555642536/system_init.o

.config_BFC02FF8
                0xbfc02ff8        0x4
 *(.config_BFC02FF8)
 .config_BFC02FF8
                0xbfc02ff8        0x4 build/milestone1/debug/_ext/1555642536/system_init.o

.config_BFC02FFC
                0xbfc02ffc        0x4
 *(.config_BFC02FFC)
 .config_BFC02FFC
                0xbfc02ffc        0x4 build/milestone1/debug/_ext/1555642536/system_init.o
                0xbfc02000                PROVIDE (_DBG_CODE_ADDR, 0xbfc02000)
                0x00000ff0                PROVIDE (_DBG_CODE_SIZE, 0xff0)

.reset          0xbfc00000      0x208
 *(.reset)
 .reset         0xbfc00000        0x8 c:/program files (x86)/microchip/xc32/v1.42/bin/bin/../../lib/gcc/pic32mx/4.8.3/../../../../pic32mx/lib/./proc/32MX795F512L/crt0_mips32r2.o
                0xbfc00000                _reset
 *(.reset.startup)
 .reset.startup
                0xbfc00008      0x200 c:/program files (x86)/microchip/xc32/v1.42/bin/bin/../../lib/gcc/pic32mx/4.8.3/../../../../pic32mx/lib/./proc/32MX795F512L/crt0_mips32r2.o

.bev_excpt      0xbfc00380       0x10
 *(.bev_handler)
 .bev_handler   0xbfc00380       0x10 c:/program files (x86)/microchip/xc32/v1.42/bin/bin/../../lib/gcc/pic32mx/4.8.3/../../../../pic32mx/lib/./proc/32MX795F512L/crt0_mips32r2.o

.dbg_excpt      0xbfc00480        0x0
                0xbfc00480                . = (. + DEFINED (_DEBUGGER)?0x8:0x0)

.dbg_code       0xbfc02000        0x0
                0xbfc02000                . = (. + DEFINED (_DEBUGGER)?_DBG_CODE_SIZE:0x0)

.app_excpt      0x9fc01180       0x10
 *(.gen_handler)
 .gen_handler   0x9fc01180       0x10 c:/program files (x86)/microchip/xc32/v1.42/bin/bin/../../lib/gcc/pic32mx/4.8.3/../../../../pic32mx/lib/./proc/32MX795F512L/crt0_mips32r2.o

.vector_0       0x9fc01200        0x8
 *(.vector_0)
 .vector_0      0x9fc01200        0x8 c:/program files (x86)/microchip/xc32/v1.42/bin/bin/../../lib/gcc/pic32mx/4.8.3/../../../../pic32mx/lib\libpic32.a(vector0.o)
                0x9fc01200                __vector_dispatch_0
                0x00000001                ASSERT (((_vector_spacing == 0x0) || (SIZEOF (.vector_0) <= (_vector_spacing << 0x5))), function at exception vector 0 too large)

.vector_1       0x9fc01220        0x8
 *(.vector_1)
 .vector_1      0x9fc01220        0x8 build/milestone1/debug/_ext/1270971519/port.o
                0x9fc01220                __vector_dispatch_1
                0x00000001                ASSERT (((_vector_spacing == 0x0) || (SIZEOF (.vector_1) <= (_vector_spacing << 0x5))), function at exception vector 1 too large)

.vector_2       0x9fc01240        0x8
 *(.vector_2)
 .vector_2      0x9fc01240        0x8 c:/program files (x86)/microchip/xc32/v1.42/bin/bin/../../lib/gcc/pic32mx/4.8.3/../../../../pic32mx/lib\libpic32.a(vector2.o)
                0x9fc01240                __vector_dispatch_2
                0x00000001                ASSERT (((_vector_spacing == 0x0) || (SIZEOF (.vector_2) <= (_vector_spacing << 0x5))), function at exception vector 2 too large)

.vector_3       0x9fc01260        0x8
 *(.vector_3)
 .vector_3      0x9fc01260        0x8 c:/program files (x86)/microchip/xc32/v1.42/bin/bin/../../lib/gcc/pic32mx/4.8.3/../../../../pic32mx/lib\libpic32.a(vector3.o)
                0x9fc01260                __vector_dispatch_3
                0x00000001                ASSERT (((_vector_spacing == 0x0) || (SIZEOF (.vector_3) <= (_vector_spacing << 0x5))), function at exception vector 3 too large)

.vector_4       0x9fc01280        0x8
 *(.vector_4)
 .vector_4      0x9fc01280        0x8 build/milestone1/debug/_ext/1270971519/port.o
                0x9fc01280                __vector_dispatch_4
                0x00000001                ASSERT (((_vector_spacing == 0x0) || (SIZEOF (.vector_4) <= (_vector_spacing << 0x5))), function at exception vector 4 too large)

.vector_5       0x9fc012a0        0x8
 *(.vector_5)
 .vector_5      0x9fc012a0        0x8 c:/program files (x86)/microchip/xc32/v1.42/bin/bin/../../lib/gcc/pic32mx/4.8.3/../../../../pic32mx/lib\libpic32.a(vector5.o)
                0x9fc012a0                __vector_dispatch_5
                0x00000001                ASSERT (((_vector_spacing == 0x0) || (SIZEOF (.vector_5) <= (_vector_spacing << 0x5))), function at exception vector 5 too large)

.vector_6       0x9fc012c0        0x8
 *(.vector_6)
 .vector_6      0x9fc012c0        0x8 c:/program files (x86)/microchip/xc32/v1.42/bin/bin/../../lib/gcc/pic32mx/4.8.3/../../../../pic32mx/lib\libpic32.a(vector6.o)
                0x9fc012c0                __vector_dispatch_6
                0x00000001                ASSERT (((_vector_spacing == 0x0) || (SIZEOF (.vector_6) <= (_vector_spacing << 0x5))), function at exception vector 6 too large)

.vector_7       0x9fc012e0        0x8
 *(.vector_7)
 .vector_7      0x9fc012e0        0x8 c:/program files (x86)/microchip/xc32/v1.42/bin/bin/../../lib/gcc/pic32mx/4.8.3/../../../../pic32mx/lib\libpic32.a(vector7.o)
                0x9fc012e0                __vector_dispatch_7
                0x00000001                ASSERT (((_vector_spacing == 0x0) || (SIZEOF (.vector_7) <= (_vector_spacing << 0x5))), function at exception vector 7 too large)

.vector_8       0x9fc01300       0x10
 *(.vector_8)
 .vector_8      0x9fc01300       0x10 build/milestone1/debug/_ext/1555642536/system_interrupt_a.o
                0x9fc01300                __vector_dispatch_8
                0x00000001                ASSERT (((_vector_spacing == 0x0) || (SIZEOF (.vector_8) <= (_vector_spacing << 0x5))), function at exception vector 8 too large)

.vector_9       0x9fc01320        0x8
 *(.vector_9)
 .vector_9      0x9fc01320        0x8 c:/program files (x86)/microchip/xc32/v1.42/bin/bin/../../lib/gcc/pic32mx/4.8.3/../../../../pic32mx/lib\libpic32.a(vector9.o)
                0x9fc01320                __vector_dispatch_9
                0x00000001                ASSERT (((_vector_spacing == 0x0) || (SIZEOF (.vector_9) <= (_vector_spacing << 0x5))), function at exception vector 9 too large)

.vector_10      0x9fc01340        0x8
 *(.vector_10)
 .vector_10     0x9fc01340        0x8 c:/program files (x86)/microchip/xc32/v1.42/bin/bin/../../lib/gcc/pic32mx/4.8.3/../../../../pic32mx/lib\libpic32.a(vector10.o)
                0x9fc01340                __vector_dispatch_10
                0x00000001                ASSERT (((_vector_spacing == 0x0) || (SIZEOF (.vector_10) <= (_vector_spacing << 0x5))), function at exception vector 10 too large)

.vector_11      0x9fc01360        0x8
 *(.vector_11)
 .vector_11     0x9fc01360        0x8 c:/program files (x86)/microchip/xc32/v1.42/bin/bin/../../lib/gcc/pic32mx/4.8.3/../../../../pic32mx/lib\libpic32.a(vector11.o)
                0x9fc01360                __vector_dispatch_11
                0x00000001                ASSERT (((_vector_spacing == 0x0) || (SIZEOF (.vector_11) <= (_vector_spacing << 0x5))), function at exception vector 11 too large)

.vector_12      0x9fc01380       0x10
 *(.vector_12)
 .vector_12     0x9fc01380       0x10 build/milestone1/debug/_ext/1555642536/system_interrupt_a.o
                0x9fc01380                __vector_dispatch_12
                0x00000001                ASSERT (((_vector_spacing == 0x0) || (SIZEOF (.vector_12) <= (_vector_spacing << 0x5))), function at exception vector 12 too large)

.vector_13      0x9fc013a0        0x8
 *(.vector_13)
 .vector_13     0x9fc013a0        0x8 c:/program files (x86)/microchip/xc32/v1.42/bin/bin/../../lib/gcc/pic32mx/4.8.3/../../../../pic32mx/lib\libpic32.a(vector13.o)
                0x9fc013a0                __vector_dispatch_13
                0x00000001                ASSERT (((_vector_spacing == 0x0) || (SIZEOF (.vector_13) <= (_vector_spacing << 0x5))), function at exception vector 13 too large)

.vector_14      0x9fc013c0        0x8
 *(.vector_14)
 .vector_14     0x9fc013c0        0x8 c:/program files (x86)/microchip/xc32/v1.42/bin/bin/../../lib/gcc/pic32mx/4.8.3/../../../../pic32mx/lib\libpic32.a(vector14.o)
                0x9fc013c0                __vector_dispatch_14
                0x00000001                ASSERT (((_vector_spacing == 0x0) || (SIZEOF (.vector_14) <= (_vector_spacing << 0x5))), function at exception vector 14 too large)

.vector_15      0x9fc013e0       0x10
 *(.vector_15)
 .vector_15     0x9fc013e0       0x10 build/milestone1/debug/_ext/1555642536/system_interrupt_a.o
                0x9fc013e0                __vector_dispatch_15
                0x00000001                ASSERT (((_vector_spacing == 0x0) || (SIZEOF (.vector_15) <= (_vector_spacing << 0x5))), function at exception vector 15 too large)

.vector_16      0x9fc01400       0x10
 *(.vector_16)
 .vector_16     0x9fc01400       0x10 build/milestone1/debug/_ext/1555642536/system_interrupt_a.o
                0x9fc01400                __vector_dispatch_16
                0x00000001                ASSERT (((_vector_spacing == 0x0) || (SIZEOF (.vector_16) <= (_vector_spacing << 0x5))), function at exception vector 16 too large)

.vector_17      0x9fc01420        0x8
 *(.vector_17)
 .vector_17     0x9fc01420        0x8 c:/program files (x86)/microchip/xc32/v1.42/bin/bin/../../lib/gcc/pic32mx/4.8.3/../../../../pic32mx/lib\libpic32.a(vector17.o)
                0x9fc01420                __vector_dispatch_17
                0x00000001                ASSERT (((_vector_spacing == 0x0) || (SIZEOF (.vector_17) <= (_vector_spacing << 0x5))), function at exception vector 17 too large)

.vector_18      0x9fc01440        0x8
 *(.vector_18)
 .vector_18     0x9fc01440        0x8 c:/program files (x86)/microchip/xc32/v1.42/bin/bin/../../lib/gcc/pic32mx/4.8.3/../../../../pic32mx/lib\libpic32.a(vector18.o)
                0x9fc01440                __vector_dispatch_18
                0x00000001                ASSERT (((_vector_spacing == 0x0) || (SIZEOF (.vector_18) <= (_vector_spacing << 0x5))), function at exception vector 18 too large)

.vector_19      0x9fc01460       0x10
 *(.vector_19)
 .vector_19     0x9fc01460       0x10 build/milestone1/debug/_ext/1555642536/system_interrupt_a.o
                0x9fc01460                __vector_dispatch_19
                0x00000001                ASSERT (((_vector_spacing == 0x0) || (SIZEOF (.vector_19) <= (_vector_spacing << 0x5))), function at exception vector 19 too large)

.vector_20      0x9fc01480       0x10
 *(.vector_20)
 .vector_20     0x9fc01480       0x10 build/milestone1/debug/_ext/1555642536/system_interrupt_a.o
                0x9fc01480                __vector_dispatch_20
                0x00000001                ASSERT (((_vector_spacing == 0x0) || (SIZEOF (.vector_20) <= (_vector_spacing << 0x5))), function at exception vector 20 too large)

.vector_21      0x9fc014a0        0x8
 *(.vector_21)
 .vector_21     0x9fc014a0        0x8 c:/program files (x86)/microchip/xc32/v1.42/bin/bin/../../lib/gcc/pic32mx/4.8.3/../../../../pic32mx/lib\libpic32.a(vector21.o)
                0x9fc014a0                __vector_dispatch_21
                0x00000001                ASSERT (((_vector_spacing == 0x0) || (SIZEOF (.vector_21) <= (_vector_spacing << 0x5))), function at exception vector 21 too large)

.vector_22      0x9fc014c0        0x8
 *(.vector_22)
 .vector_22     0x9fc014c0        0x8 c:/program files (x86)/microchip/xc32/v1.42/bin/bin/../../lib/gcc/pic32mx/4.8.3/../../../../pic32mx/lib\libpic32.a(vector22.o)
                0x9fc014c0                __vector_dispatch_22
                0x00000001                ASSERT (((_vector_spacing == 0x0) || (SIZEOF (.vector_22) <= (_vector_spacing << 0x5))), function at exception vector 22 too large)

.vector_23      0x9fc014e0        0x8
 *(.vector_23)
 .vector_23     0x9fc014e0        0x8 c:/program files (x86)/microchip/xc32/v1.42/bin/bin/../../lib/gcc/pic32mx/4.8.3/../../../../pic32mx/lib\libpic32.a(vector23.o)
                0x9fc014e0                __vector_dispatch_23
                0x00000001                ASSERT (((_vector_spacing == 0x0) || (SIZEOF (.vector_23) <= (_vector_spacing << 0x5))), function at exception vector 23 too large)

.vector_24      0x9fc01500       0x10
 *(.vector_24)
 .vector_24     0x9fc01500       0x10 build/milestone1/debug/_ext/1555642536/system_interrupt_a.o
                0x9fc01500                __vector_dispatch_24
                0x00000001                ASSERT (((_vector_spacing == 0x0) || (SIZEOF (.vector_24) <= (_vector_spacing << 0x5))), function at exception vector 24 too large)

.vector_25      0x9fc01520        0x8
 *(.vector_25)
 .vector_25     0x9fc01520        0x8 c:/program files (x86)/microchip/xc32/v1.42/bin/bin/../../lib/gcc/pic32mx/4.8.3/../../../../pic32mx/lib\libpic32.a(vector25.o)
                0x9fc01520                __vector_dispatch_25
                0x00000001                ASSERT (((_vector_spacing == 0x0) || (SIZEOF (.vector_25) <= (_vector_spacing << 0x5))), function at exception vector 25 too large)

.vector_26      0x9fc01540        0x8
 *(.vector_26)
 .vector_26     0x9fc01540        0x8 c:/program files (x86)/microchip/xc32/v1.42/bin/bin/../../lib/gcc/pic32mx/4.8.3/../../../../pic32mx/lib\libpic32.a(vector26.o)
                0x9fc01540                __vector_dispatch_26
                0x00000001                ASSERT (((_vector_spacing == 0x0) || (SIZEOF (.vector_26) <= (_vector_spacing << 0x5))), function at exception vector 26 too large)

.vector_27      0x9fc01560        0x8
 *(.vector_27)
 .vector_27     0x9fc01560        0x8 c:/program files (x86)/microchip/xc32/v1.42/bin/bin/../../lib/gcc/pic32mx/4.8.3/../../../../pic32mx/lib\libpic32.a(vector27.o)
                0x9fc01560                __vector_dispatch_27
                0x00000001                ASSERT (((_vector_spacing == 0x0) || (SIZEOF (.vector_27) <= (_vector_spacing << 0x5))), function at exception vector 27 too large)

.vector_28      0x9fc01580        0x8
 *(.vector_28)
 .vector_28     0x9fc01580        0x8 c:/program files (x86)/microchip/xc32/v1.42/bin/bin/../../lib/gcc/pic32mx/4.8.3/../../../../pic32mx/lib\libpic32.a(vector28.o)
                0x9fc01580                __vector_dispatch_28
                0x00000001                ASSERT (((_vector_spacing == 0x0) || (SIZEOF (.vector_28) <= (_vector_spacing << 0x5))), function at exception vector 28 too large)

.vector_29      0x9fc015a0        0x8
 *(.vector_29)
 .vector_29     0x9fc015a0        0x8 c:/program files (x86)/microchip/xc32/v1.42/bin/bin/../../lib/gcc/pic32mx/4.8.3/../../../../pic32mx/lib\libpic32.a(vector29.o)
                0x9fc015a0                __vector_dispatch_29
                0x00000001                ASSERT (((_vector_spacing == 0x0) || (SIZEOF (.vector_29) <= (_vector_spacing << 0x5))), function at exception vector 29 too large)

.vector_30      0x9fc015c0        0x8
 *(.vector_30)
 .vector_30     0x9fc015c0        0x8 c:/program files (x86)/microchip/xc32/v1.42/bin/bin/../../lib/gcc/pic32mx/4.8.3/../../../../pic32mx/lib\libpic32.a(vector30.o)
                0x9fc015c0                __vector_dispatch_30
                0x00000001                ASSERT (((_vector_spacing == 0x0) || (SIZEOF (.vector_30) <= (_vector_spacing << 0x5))), function at exception vector 30 too large)

.vector_31      0x9fc015e0        0x8
 *(.vector_31)
 .vector_31     0x9fc015e0        0x8 c:/program files (x86)/microchip/xc32/v1.42/bin/bin/../../lib/gcc/pic32mx/4.8.3/../../../../pic32mx/lib\libpic32.a(vector31.o)
                0x9fc015e0                __vector_dispatch_31
                0x00000001                ASSERT (((_vector_spacing == 0x0) || (SIZEOF (.vector_31) <= (_vector_spacing << 0x5))), function at exception vector 31 too large)

.vector_32      0x9fc01600       0x10
 *(.vector_32)
 .vector_32     0x9fc01600       0x10 build/milestone1/debug/_ext/1555642536/system_interrupt_a.o
                0x9fc01600                __vector_dispatch_32
                0x00000001                ASSERT (((_vector_spacing == 0x0) || (SIZEOF (.vector_32) <= (_vector_spacing << 0x5))), function at exception vector 32 too large)

.vector_33      0x9fc01620       0x10
 *(.vector_33)
 .vector_33     0x9fc01620       0x10 build/milestone1/debug/_ext/1555642536/system_interrupt_a.o
                0x9fc01620                __vector_dispatch_33
                0x00000001                ASSERT (((_vector_spacing == 0x0) || (SIZEOF (.vector_33) <= (_vector_spacing << 0x5))), function at exception vector 33 too large)

.vector_34      0x9fc01640        0x8
 *(.vector_34)
 .vector_34     0x9fc01640        0x8 c:/program files (x86)/microchip/xc32/v1.42/bin/bin/../../lib/gcc/pic32mx/4.8.3/../../../../pic32mx/lib\libpic32.a(vector34.o)
                0x9fc01640                __vector_dispatch_34
                0x00000001                ASSERT (((_vector_spacing == 0x0) || (SIZEOF (.vector_34) <= (_vector_spacing << 0x5))), function at exception vector 34 too large)

.vector_35      0x9fc01660        0x8
 *(.vector_35)
 .vector_35     0x9fc01660        0x8 c:/program files (x86)/microchip/xc32/v1.42/bin/bin/../../lib/gcc/pic32mx/4.8.3/../../../../pic32mx/lib\libpic32.a(vector35.o)
                0x9fc01660                __vector_dispatch_35
                0x00000001                ASSERT (((_vector_spacing == 0x0) || (SIZEOF (.vector_35) <= (_vector_spacing << 0x5))), function at exception vector 35 too large)

.vector_36      0x9fc01680        0x8
 *(.vector_36)
 .vector_36     0x9fc01680        0x8 c:/program files (x86)/microchip/xc32/v1.42/bin/bin/../../lib/gcc/pic32mx/4.8.3/../../../../pic32mx/lib\libpic32.a(vector36.o)
                0x9fc01680                __vector_dispatch_36
                0x00000001                ASSERT (((_vector_spacing == 0x0) || (SIZEOF (.vector_36) <= (_vector_spacing << 0x5))), function at exception vector 36 too large)

.vector_37      0x9fc016a0        0x8
 *(.vector_37)
 .vector_37     0x9fc016a0        0x8 c:/program files (x86)/microchip/xc32/v1.42/bin/bin/../../lib/gcc/pic32mx/4.8.3/../../../../pic32mx/lib\libpic32.a(vector37.o)
                0x9fc016a0                __vector_dispatch_37
                0x00000001                ASSERT (((_vector_spacing == 0x0) || (SIZEOF (.vector_37) <= (_vector_spacing << 0x5))), function at exception vector 37 too large)

.vector_38      0x9fc016c0        0x8
 *(.vector_38)
 .vector_38     0x9fc016c0        0x8 c:/program files (x86)/microchip/xc32/v1.42/bin/bin/../../lib/gcc/pic32mx/4.8.3/../../../../pic32mx/lib\libpic32.a(vector38.o)
                0x9fc016c0                __vector_dispatch_38
                0x00000001                ASSERT (((_vector_spacing == 0x0) || (SIZEOF (.vector_38) <= (_vector_spacing << 0x5))), function at exception vector 38 too large)

.vector_39      0x9fc016e0        0x8
 *(.vector_39)
 .vector_39     0x9fc016e0        0x8 c:/program files (x86)/microchip/xc32/v1.42/bin/bin/../../lib/gcc/pic32mx/4.8.3/../../../../pic32mx/lib\libpic32.a(vector39.o)
                0x9fc016e0                __vector_dispatch_39
                0x00000001                ASSERT (((_vector_spacing == 0x0) || (SIZEOF (.vector_39) <= (_vector_spacing << 0x5))), function at exception vector 39 too large)

.vector_40      0x9fc01700        0x8
 *(.vector_40)
 .vector_40     0x9fc01700        0x8 c:/program files (x86)/microchip/xc32/v1.42/bin/bin/../../lib/gcc/pic32mx/4.8.3/../../../../pic32mx/lib\libpic32.a(vector40.o)
                0x9fc01700                __vector_dispatch_40
                0x00000001                ASSERT (((_vector_spacing == 0x0) || (SIZEOF (.vector_40) <= (_vector_spacing << 0x5))), function at exception vector 40 too large)

.vector_41      0x9fc01720        0x8
 *(.vector_41)
 .vector_41     0x9fc01720        0x8 c:/program files (x86)/microchip/xc32/v1.42/bin/bin/../../lib/gcc/pic32mx/4.8.3/../../../../pic32mx/lib\libpic32.a(vector41.o)
                0x9fc01720                __vector_dispatch_41
                0x00000001                ASSERT (((_vector_spacing == 0x0) || (SIZEOF (.vector_41) <= (_vector_spacing << 0x5))), function at exception vector 41 too large)

.vector_42      0x9fc01740        0x8
 *(.vector_42)
 .vector_42     0x9fc01740        0x8 c:/program files (x86)/microchip/xc32/v1.42/bin/bin/../../lib/gcc/pic32mx/4.8.3/../../../../pic32mx/lib\libpic32.a(vector42.o)
                0x9fc01740                __vector_dispatch_42
                0x00000001                ASSERT (((_vector_spacing == 0x0) || (SIZEOF (.vector_42) <= (_vector_spacing << 0x5))), function at exception vector 42 too large)

.vector_43      0x9fc01760        0x8
 *(.vector_43)
 .vector_43     0x9fc01760        0x8 c:/program files (x86)/microchip/xc32/v1.42/bin/bin/../../lib/gcc/pic32mx/4.8.3/../../../../pic32mx/lib\libpic32.a(vector43.o)
                0x9fc01760                __vector_dispatch_43
                0x00000001                ASSERT (((_vector_spacing == 0x0) || (SIZEOF (.vector_43) <= (_vector_spacing << 0x5))), function at exception vector 43 too large)

.vector_44      0x9fc01780        0x8
 *(.vector_44)
 .vector_44     0x9fc01780        0x8 c:/program files (x86)/microchip/xc32/v1.42/bin/bin/../../lib/gcc/pic32mx/4.8.3/../../../../pic32mx/lib\libpic32.a(vector44.o)
                0x9fc01780                __vector_dispatch_44
                0x00000001                ASSERT (((_vector_spacing == 0x0) || (SIZEOF (.vector_44) <= (_vector_spacing << 0x5))), function at exception vector 44 too large)

.vector_45      0x9fc017a0        0x8
 *(.vector_45)
 .vector_45     0x9fc017a0        0x8 c:/program files (x86)/microchip/xc32/v1.42/bin/bin/../../lib/gcc/pic32mx/4.8.3/../../../../pic32mx/lib\libpic32.a(vector45.o)
                0x9fc017a0                __vector_dispatch_45
                0x00000001                ASSERT (((_vector_spacing == 0x0) || (SIZEOF (.vector_45) <= (_vector_spacing << 0x5))), function at exception vector 45 too large)

.vector_46      0x9fc017c0        0x8
 *(.vector_46)
 .vector_46     0x9fc017c0        0x8 c:/program files (x86)/microchip/xc32/v1.42/bin/bin/../../lib/gcc/pic32mx/4.8.3/../../../../pic32mx/lib\libpic32.a(vector46.o)
                0x9fc017c0                __vector_dispatch_46
                0x00000001                ASSERT (((_vector_spacing == 0x0) || (SIZEOF (.vector_46) <= (_vector_spacing << 0x5))), function at exception vector 46 too large)

.vector_47      0x9fc017e0        0x8
 *(.vector_47)
 .vector_47     0x9fc017e0        0x8 c:/program files (x86)/microchip/xc32/v1.42/bin/bin/../../lib/gcc/pic32mx/4.8.3/../../../../pic32mx/lib\libpic32.a(vector47.o)
                0x9fc017e0                __vector_dispatch_47
                0x00000001                ASSERT (((_vector_spacing == 0x0) || (SIZEOF (.vector_47) <= (_vector_spacing << 0x5))), function at exception vector 47 too large)

.vector_48      0x9fc01800        0x8
 *(.vector_48)
 .vector_48     0x9fc01800        0x8 c:/program files (x86)/microchip/xc32/v1.42/bin/bin/../../lib/gcc/pic32mx/4.8.3/../../../../pic32mx/lib\libpic32.a(vector48.o)
                0x9fc01800                __vector_dispatch_48
                0x00000001                ASSERT (((_vector_spacing == 0x0) || (SIZEOF (.vector_48) <= (_vector_spacing << 0x5))), function at exception vector 48 too large)

.vector_49      0x9fc01820        0x8
 *(.vector_49)
 .vector_49     0x9fc01820        0x8 c:/program files (x86)/microchip/xc32/v1.42/bin/bin/../../lib/gcc/pic32mx/4.8.3/../../../../pic32mx/lib\libpic32.a(vector49.o)
                0x9fc01820                __vector_dispatch_49
                0x00000001                ASSERT (((_vector_spacing == 0x0) || (SIZEOF (.vector_49) <= (_vector_spacing << 0x5))), function at exception vector 49 too large)

.vector_50      0x9fc01840        0x8
 *(.vector_50)
 .vector_50     0x9fc01840        0x8 c:/program files (x86)/microchip/xc32/v1.42/bin/bin/../../lib/gcc/pic32mx/4.8.3/../../../../pic32mx/lib\libpic32.a(vector50.o)
                0x9fc01840                __vector_dispatch_50
                0x00000001                ASSERT (((_vector_spacing == 0x0) || (SIZEOF (.vector_50) <= (_vector_spacing << 0x5))), function at exception vector 50 too large)

.vector_51      0x9fc01860        0x8
 *(.vector_51)
 .vector_51     0x9fc01860        0x8 c:/program files (x86)/microchip/xc32/v1.42/bin/bin/../../lib/gcc/pic32mx/4.8.3/../../../../pic32mx/lib\libpic32.a(vector51.o)
                0x9fc01860                __vector_dispatch_51
                0x00000001                ASSERT (((_vector_spacing == 0x0) || (SIZEOF (.vector_51) <= (_vector_spacing << 0x5))), function at exception vector 51 too large)

.vector_52      0x9fc01880        0x0
 *(.vector_52)
                0x00000001                ASSERT (((_vector_spacing == 0x0) || (SIZEOF (.vector_52) <= (_vector_spacing << 0x5))), function at exception vector 52 too large)

.vector_53      0x9fc018a0        0x0
 *(.vector_53)
                0x00000001                ASSERT (((_vector_spacing == 0x0) || (SIZEOF (.vector_53) <= (_vector_spacing << 0x5))), function at exception vector 53 too large)

.vector_54      0x9fc018c0        0x0
 *(.vector_54)
                0x00000001                ASSERT (((_vector_spacing == 0x0) || (SIZEOF (.vector_54) <= (_vector_spacing << 0x5))), function at exception vector 54 too large)

.vector_55      0x9fc018e0        0x0
 *(.vector_55)
                0x00000001                ASSERT (((_vector_spacing == 0x0) || (SIZEOF (.vector_55) <= (_vector_spacing << 0x5))), function at exception vector 55 too large)

.vector_56      0x9fc01900        0x0
 *(.vector_56)
                0x00000001                ASSERT (((_vector_spacing == 0x0) || (SIZEOF (.vector_56) <= (_vector_spacing << 0x5))), function at exception vector 56 too large)

.vector_57      0x9fc01920        0x0
 *(.vector_57)
                0x00000001                ASSERT (((_vector_spacing == 0x0) || (SIZEOF (.vector_57) <= (_vector_spacing << 0x5))), function at exception vector 57 too large)

.vector_58      0x9fc01940        0x0
 *(.vector_58)
                0x00000001                ASSERT (((_vector_spacing == 0x0) || (SIZEOF (.vector_58) <= (_vector_spacing << 0x5))), function at exception vector 58 too large)

.vector_59      0x9fc01960        0x0
 *(.vector_59)
                0x00000001                ASSERT (((_vector_spacing == 0x0) || (SIZEOF (.vector_59) <= (_vector_spacing << 0x5))), function at exception vector 59 too large)

.vector_60      0x9fc01980        0x0
 *(.vector_60)
                0x00000001                ASSERT (((_vector_spacing == 0x0) || (SIZEOF (.vector_60) <= (_vector_spacing << 0x5))), function at exception vector 60 too large)

.vector_61      0x9fc019a0        0x0
 *(.vector_61)
                0x00000001                ASSERT (((_vector_spacing == 0x0) || (SIZEOF (.vector_61) <= (_vector_spacing << 0x5))), function at exception vector 61 too large)

.vector_62      0x9fc019c0        0x0
 *(.vector_62)
                0x00000001                ASSERT (((_vector_spacing == 0x0) || (SIZEOF (.vector_62) <= (_vector_spacing << 0x5))), function at exception vector 62 too large)

.vector_63      0x9fc019e0        0x0
 *(.vector_63)
                0x00000001                ASSERT (((_vector_spacing == 0x0) || (SIZEOF (.vector_63) <= (_vector_spacing << 0x5))), function at exception vector 63 too large)

.startup
 *(.startup)

.text           0x9d000000        0x0
 *(.stub .gnu.linkonce.t.*)
 *(.text.*personality*)
 *(.mips16.fn.*)
 *(.mips16.call.*)
 *(.gnu.warning)
                0x9d000000                . = ALIGN (0x4)

.init           0x9d000000        0x0
 *crti.o(.init)
 *crtbegin.o(.init)
 *(EXCLUDE_FILE(*crtn.o *crtend?.o *crtend.o) .init)
 *crtend.o(.init)
 *crtn.o(.init)
                0x9d000000                . = ALIGN (0x4)

.fini           0x9d000000        0x0
 *(.fini)
                0x9d000000                . = ALIGN (0x4)

.preinit_array  0x9d000000        0x0
                0x9d000000                PROVIDE (__preinit_array_start, .)
 *(.preinit_array)
                0x9d000000                PROVIDE (__preinit_array_end, .)
                0x9d000000                . = ALIGN (0x4)

.init_array     0x9d000000        0x0
                0x9d000000                PROVIDE (__init_array_start, .)
 *(SORT(.init_array.*))
 *(.init_array)
                0x9d000000                PROVIDE (__init_array_end, .)
                0x9d000000                . = ALIGN (0x4)

.fini_array     0x9d000000        0x0
                0x9d000000                PROVIDE (__fini_array_start, .)
 *(SORT(.fini_array.*))
 *(.fini_array)
                0x9d000000                PROVIDE (__fini_array_end, .)
                0x9d000000                . = ALIGN (0x4)

.ctors          0x9d000000        0x0
 *crtbegin.o(.ctors)
 *crtbegin?.o(.ctors)
 *(EXCLUDE_FILE(*crtend?.o *crtend.o) .ctors)
 *(SORT(.ctors.*))
 *(.ctors)
                0x9d000000                . = ALIGN (0x4)

.dtors          0x9d000000        0x0
 *crtbegin.o(.dtors)
 *crtbegin?.o(.dtors)
 *(EXCLUDE_FILE(*crtend?.o *crtend.o) .dtors)
 *(SORT(.dtors.*))
 *(.dtors)
                0x9d000000                . = ALIGN (0x4)

.rodata         0x9d000000        0x0
 *(.gnu.linkonce.r.*)
 *(.rodata1)
                0x9d000000                . = ALIGN (0x4)

.sdata2         0x9fc00490        0x0
 *(.sdata2 .sdata2.* .gnu.linkonce.s2.*)
                0x9fc00490                . = ALIGN (0x4)

.sbss2          0x9fc00490        0x0
 *(.sbss2 .sbss2.* .gnu.linkonce.sb2.*)
                0x9fc00490                . = ALIGN (0x4)

.eh_frame_hdr
 *(.eh_frame_hdr)
                0x9fc00490                . = ALIGN (0x4)

.eh_frame
 *(.eh_frame)
                0x9fc00490                . = ALIGN (0x4)

.gcc_except_table
 *(.gcc_except_table .gcc_except_table.*)
                0x9fc00490                . = ALIGN (0x4)

.dbg_data       0xa0000200        0x0
                0xa0000200                . = (. + DEFINED (_DEBUGGER)?0x200:0x0)

.jcr            0xa0000200        0x0
 *(.jcr)
                0xa0000200                . = ALIGN (0x4)

.eh_frame
 *(.eh_frame)
                0xa0000200                . = ALIGN (0x4)

.gcc_except_table
 *(.gcc_except_table .gcc_except_table.*)
                0xa0000200                . = ALIGN (0x4)

.persist        0xa0000200        0x0
                0xa0000200                _persist_begin = .
 *(.persist .persist.*)
 *(.pbss .pbss.*)
                0xa0000200                . = ALIGN (0x4)
                0xa0000200                _persist_end = .

.data           0xa0000200        0x0
 *(.gnu.linkonce.d.*)
 *(.data1)
                0xa0000200                . = ALIGN (0x4)
                0xa0000200                . = .
                0xa00081f0                _gp = (ALIGN (0x10) + 0x7ff0)

.got            0xa0000200        0x0
 *(.got.plt)
 *(.got)
                0xa0000200                . = ALIGN (0x4)

.sdata          0xa0000200       0x40
                0xa0000200                _sdata_begin = .
 *(.sdata .sdata.* .gnu.linkonce.s.*)
 .sdata         0xa0000200       0x14 build/milestone1/debug/_ext/1360937237/navigation.o
                0xa0000200                flagY
                0xa0000201                flagX
                0xa0000204                pathfindingCountMax
                0xa0000208                moveMaxIdx
                0xa000020c                moveGoalIdx
                0xa0000210                ignoreTapeMax
 .sdata         0xa0000214        0x4 build/milestone1/debug/_ext/1360937237/communication.o
                0xa0000214                SeqNum
 .sdata         0xa0000218        0x4 build/milestone1/debug/_ext/1360937237/pathfinding.o
                0xa0000218                currentNumberOfNodes
 .sdata         0xa000021c       0x1c build/milestone1/debug/_ext/1360937237/motor.o
                0xa000021c                angleOffsetRight
                0xa0000220                angleOffsetLeft
                0xa0000224                forwardOffset
                0xa0000228                TicksPerCM
                0xa000022c                TicksPerInch
                0xa0000230                TicksPerDegree
                0xa0000234                currentDirection
 .sdata         0xa0000238        0x4 build/milestone1/debug/_ext/1270971519/port.o
                0xa0000238                uxInterruptNesting
 .sdata         0xa000023c        0x4 c:/program files (x86)/microchip/xc32/v1.42/bin/bin/../../lib/gcc/pic32mx/4.8.3/../../../../pic32mx/lib\libpic32.a(xc32_uart.o)
                0xa000023c                __XC_UART
                0xa0000240                . = ALIGN (0x4)
                0xa0000240                _sdata_end = .

.lit8
 *(.lit8)

.lit4
 *(.lit4)
                0xa0000240                . = ALIGN (0x4)
                0xa0000240                _data_end = .
                0xa0000240                _bss_begin = .

.sbss           0xa0000240      0x168
                0xa0000240                _sbss_begin = .
 *(.dynsbss)
 *(.sbss .sbss.* .gnu.linkonce.sb.*)
 .sbss          0xa0000240        0x4 build/milestone1/debug/_ext/1360937237/app.o
 .sbss          0xa0000244       0x4c build/milestone1/debug/_ext/1360937237/navigation.o
                0xa0000244                TIMER
                0xa0000248                hasFlagLocation
                0xa000024c                pathfindingCount
                0xa0000250                pathfindingIsReady
                0xa0000254                roverStopped
                0xa0000258                moveLastIdx
                0xa000025c                moveCurrentIdx
                0xa0000260                moveFirstIdx
                0xa0000264                sawFlagOnce
                0xa0000265                pickedUpFlag
                0xa0000266                pixyCamFoundFlag
                0xa0000267                orientAttempts
                0xa0000268                cs2OnTape
                0xa0000269                cs1OnTape
                0xa000026c                ignoreTapeCount
                0xa0000270                ignoringTape
                0xa0000274                isCounterMeasuring
                0xa0000278                ticksRemaining
                0xa000027c                desiredSpeed
                0xa0000280                pwmCount
                0xa0000284                previousValue2
                0xa0000288                previousValue1
 .sbss          0xa0000290       0x18 build/milestone1/debug/_ext/1360937237/communication.o
                0xa0000290                receiveFromWifiBufferIdx
                0xa0000294                bufferToWrite2Idx
                0xa0000298                NumDroppedMessages
                0xa000029c                NumBadChecksums
 .sbss          0xa00002a8        0x8 build/milestone1/debug/_ext/1360937237/ms2test.o
                0xa00002a8                testCount
                0xa00002ac                speedTotal
 .sbss          0xa00002b0        0xc build/milestone1/debug/_ext/1360937237/pathfinding.o
                0xa00002b0                PRIVATEDELETEME
                0xa00002b4                openSetTop
                0xa00002b5                crossSquareStackTop
                0xa00002b6                fieldItemStackTop
 .sbss          0xa00002bc        0x4 build/milestone1/debug/_ext/1360937237/flagcapture.o
 .sbss          0xa00002c0       0x18 build/milestone1/debug/_ext/1360937237/motor.o
                0xa00002c0                Is_Testing
                0xa00002c4                PID2_Out
                0xa00002c8                PID1_Out
                0xa00002cc                currentPositionY
                0xa00002d0                currentPositionX
                0xa00002d4                currentOrientation
 .sbss          0xa00002d8        0x4 build/milestone1/debug/_ext/1942690078/drv_i2c.o
 .sbss          0xa00002dc       0x34 build/milestone1/debug/_ext/1094534103/tasks.o
                0xa00002dc                uxSchedulerSuspended
                0xa00002e0                xIdleTaskHandle
                0xa00002e4                xNextTaskUnblockTime
                0xa00002e8                uxTaskNumber
                0xa00002ec                xNumOfOverflows
                0xa00002f0                xYieldPending
                0xa00002f4                uxPendedTicks
                0xa00002f8                xSchedulerRunning
                0xa00002fc                uxTopReadyPriority
                0xa0000300                xTickCount
                0xa0000304                uxCurrentNumberOfTasks
                0xa0000308                uxDeletedTasksWaitingCleanUp
                0xa000030c                pxCurrentTCB
 .sbss          0xa0000310        0x8 build/milestone1/debug/_ext/1042102804/heap_1.o
 .sbss          0xa0000318        0x4 build/milestone1/debug/_ext/1270971519/port.o
                0xa0000318                uxSavedTaskStackPointer
 .sbss          0xa000031c        0x4 build/milestone1/debug/_ext/1864120335/drv_tmr_static.o
 .sbss          0xa0000320        0x2 build/milestone1/debug/_ext/1555642536/system_interrupt.o
                0xa0000320                ledOnTime
                0xa0000321                ledIsOn
 *fill*         0xa0000322        0x2 
 .sbss          0xa0000324        0xc build/milestone1/debug/_ext/1555642536/system_exceptions.o
 *(.scommon)
 .scommon       0xa0000330       0x11 build/milestone1/debug/_ext/1360937237/app.o
                0xa0000330                locationState
                0xa0000331                FLAG_ROVER_X_COOR
                0xa0000334                appData
                0xa0000338                app1Iter
                0xa000033c                FLAG_ROVER_Y_COOR
                0xa000033d                CURRENT_FLAG_ROVER_REGION
                0xa000033e                MAX_WIDTH_OF_FIELD
                0xa000033f                MAX_LENGTH_OF_FIELD
                0xa0000340                movementState
 *fill*         0xa0000341        0x3 
 .scommon       0xa0000344       0x1c build/milestone1/debug/_ext/1360937237/navigation.o
                0xa0000344                receivemsg
                0xa000034c                m1PID
                0xa0000350                speed2
                0xa0000354                speed1
                0xa0000358                m2PID
                0xa000035c                navigationData
 .scommon       0xa0000360        0x4 build/milestone1/debug/_ext/1360937237/communication.o
                0xa0000360                communicationData
 .scommon       0xa0000364        0x0 build/milestone1/debug/_ext/1360937237/ms2test.o
 .scommon       0xa0000364        0x6 build/milestone1/debug/_ext/1360937237/pathfinding.o
                0xa0000364                pathfindingData
                0xa0000368                currentGoal
 *fill*         0xa000036a        0x2 
 .scommon       0xa000036c        0x4 build/milestone1/debug/_ext/1360937237/flagcapture.o
                0xa000036c                flagcaptureData
 .scommon       0xa0000370        0x4 build/milestone1/debug/_ext/1360937237/mapping.o
                0xa0000370                mappingData
 .scommon       0xa0000374        0x0 build/milestone1/debug/_ext/1360937237/LED.o
 .scommon       0xa0000374        0x0 build/milestone1/debug/_ext/1360937237/linesensing.o
 .scommon       0xa0000374       0x1b build/milestone1/debug/_ext/1360937237/myi2c.o
                0xa0000374                ColorData1
                0xa000037c                ColorData2
                0xa0000384                ColorData3
                0xa000038c                OnBlueTape
 *fill*         0xa000038f        0x1 
 .scommon       0xa0000390        0x4 build/milestone1/debug/_ext/1360937237/debug.o
                0xa0000390                global_data
 .scommon       0xa0000394        0x0 build/milestone1/debug/_ext/1360937237/motor.o
 .scommon       0xa0000394        0x0 build/milestone1/debug/_ext/1360937237/myjson.o
 .scommon       0xa0000394        0x0 build/milestone1/debug/_ext/1360937237/electromagnet.o
 .scommon       0xa0000394        0x8 build/milestone1/debug/_ext/758908392/sys_devcon.o
                0xa0000394                sysDevconObj
 .scommon       0xa000039c        0x8 build/milestone1/debug/_ext/1094534103/tasks.o
                0xa000039c                pxDelayedTaskList
                0xa00003a0                pxOverflowDelayedTaskList
 .scommon       0xa00003a4        0x0 build/milestone1/debug/_ext/192191419/drv_usart_mapping.o
 .scommon       0xa00003a4        0x4 build/milestone1/debug/_ext/192191419/drv_usart_static.o
                0xa00003a4                gDrvUSART0Obj
 .scommon       0xa00003a8        0x0 build/milestone1/debug/_ext/192191419/drv_usart_static_byte_model.o
 .scommon       0xa00003a8        0x0 build/milestone1/debug/_ext/383799649/sys_clk_static.o
 .scommon       0xa00003a8        0x0 build/milestone1/debug/_ext/1555642536/system_init.o
 .scommon       0xa00003a8        0x0 build/milestone1/debug/_ext/1555642536/system_interrupt.o
 .scommon       0xa00003a8        0x0 build/milestone1/debug/_ext/1555642536/system_exceptions.o
 .scommon       0xa00003a8        0x0 build/milestone1/debug/_ext/1555642536/system_tasks.o
                0xa00003a8                _sbss_end = .
                0xa00003a8                . = ALIGN (0x4)

.bss            0xa00003a8     0x3620
 *(.dynbss)
 *(COMMON)
 COMMON         0xa00003a8       0x1c build/milestone1/debug/_ext/1360937237/app.o
                0xa00003a8                regionList
 COMMON         0xa00003c4      0x2d6 build/milestone1/debug/_ext/1360937237/navigation.o
                0xa00003c4                moveType
                0xa0000428                testMsg
                0xa0000500                moveAmount
                0xa0000690                pathMsg
 *fill*         0xa000069a        0x2 
 COMMON         0xa000069c      0x1c0 build/milestone1/debug/_ext/1360937237/communication.o
                0xa000069c                msgDefNotGlobal
                0xa00006a8                bufferToWrite2
                0xa0000784                receiveFromWifiBuffer
 COMMON         0xa000085c     0x3054 build/milestone1/debug/_ext/1360937237/pathfinding.o
                0xa000085c                cameFrom
                0xa00008d4                gScoreArray
                0xa00009c4                halfHeartedAdjacencyList
                0xa0002fe4                openSet
                0xa000305c                fieldItemStack
                0xa0003130                closedSet
                0xa00031a8                pathFindingNodeList
                0xa0003748                crossSquareStack
                0xa00037c0                fScoreArray
 COMMON         0xa00038b0       0x24 build/milestone1/debug/_ext/1360937237/myi2c.o
                0xa00038b0                HandlerState
                0xa00038bc                PreviousState
                0xa00038c8                BufferHandle
 COMMON         0xa00038d4        0xc build/milestone1/debug/_ext/1942690078/drv_i2c.o
                0xa00038d4                gDrvI2CCommonDataObj
 COMMON         0xa00038e0       0xc8 build/milestone1/debug/_ext/1094534103/tasks.o
                0xa00038e0                pxReadyTasksLists
                0xa0003944                xPendingReadyList
                0xa0003958                xTasksWaitingTermination
                0xa000396c                xSuspendedTaskList
                0xa0003980                xDelayedTaskList2
                0xa0003994                xDelayedTaskList1
 COMMON         0xa00039a8       0x20 build/milestone1/debug/_ext/1555642536/system_init.o
                0xa00039a8                sysObj
                0xa00039c8                . = ALIGN ((. != 0x0)?0x4:0x1)
                0xa00039c8                . = ALIGN (0x4)
                0xa00039c8                _end = .
                0xa00039c8                _bss_end = .
                0x00020000                _bmxdudba_address = 0x20000
                0x00020000                _bmxdupba_address = 0x20000

/DISCARD/
 *(.pdr)
 *(.rel.dyn)
 *(.note.GNU-stack)
 *(.note.GNU-stack)
 *(.gnu_debuglink)
 *(.gnu.lto_*)
 *(.discard)

.gptab.sdata
 *(.gptab.data)
 *(.gptab.sdata)

.gptab.sbss
 *(.gptab.bss)
 *(.gptab.sbss)

.mdebug.abi32   0xa00039c8        0x0
 *(.mdebug.abi32)
 .mdebug.abi32  0xa00039c8        0x0 c:/program files (x86)/microchip/xc32/v1.42/bin/bin/../../lib/gcc/pic32mx/4.8.3/../../../../pic32mx/lib\software-debug-break.o
 .mdebug.abi32  0xa00039c8        0x0 build/milestone1/debug/_ext/1360937237/app.o
 .mdebug.abi32  0xa00039c8        0x0 build/milestone1/debug/_ext/1360937237/main.o
 .mdebug.abi32  0xa00039c8        0x0 build/milestone1/debug/_ext/1360937237/navigation.o
 .mdebug.abi32  0xa00039c8        0x0 build/milestone1/debug/_ext/1360937237/communication.o
 .mdebug.abi32  0xa00039c8        0x0 build/milestone1/debug/_ext/1360937237/ms2test.o
 .mdebug.abi32  0xa00039c8        0x0 build/milestone1/debug/_ext/1360937237/pathfinding.o
 .mdebug.abi32  0xa00039c8        0x0 build/milestone1/debug/_ext/1360937237/flagcapture.o
 .mdebug.abi32  0xa00039c8        0x0 build/milestone1/debug/_ext/1360937237/mapping.o
 .mdebug.abi32  0xa00039c8        0x0 build/milestone1/debug/_ext/1360937237/LED.o
 .mdebug.abi32  0xa00039c8        0x0 build/milestone1/debug/_ext/1360937237/linesensing.o
 .mdebug.abi32  0xa00039c8        0x0 build/milestone1/debug/_ext/1360937237/myi2c.o
 .mdebug.abi32  0xa00039c8        0x0 build/milestone1/debug/_ext/1360937237/debug.o
 .mdebug.abi32  0xa00039c8        0x0 build/milestone1/debug/_ext/1360937237/motor.o
 .mdebug.abi32  0xa00039c8        0x0 build/milestone1/debug/_ext/1360937237/myjson.o
 .mdebug.abi32  0xa00039c8        0x0 build/milestone1/debug/_ext/1360937237/electromagnet.o
 .mdebug.abi32  0xa00039c8        0x0 build/milestone1/debug/_ext/1942690078/drv_i2c.o
 .mdebug.abi32  0xa00039c8        0x0 build/milestone1/debug/_ext/1720177678/osal_freertos.o
 .mdebug.abi32  0xa00039c8        0x0 build/milestone1/debug/_ext/758908392/sys_devcon.o
 .mdebug.abi32  0xa00039c8        0x0 build/milestone1/debug/_ext/758908392/sys_devcon_pic32mx.o
 .mdebug.abi32  0xa00039c8        0x0 build/milestone1/debug/_ext/526036082/sys_int_pic32.o
 .mdebug.abi32  0xa00039c8        0x0 build/milestone1/debug/_ext/1094534103/croutine.o
 .mdebug.abi32  0xa00039c8        0x0 build/milestone1/debug/_ext/1094534103/list.o
 .mdebug.abi32  0xa00039c8        0x0 build/milestone1/debug/_ext/1094534103/queue.o
 .mdebug.abi32  0xa00039c8        0x0 build/milestone1/debug/_ext/1094534103/tasks.o
 .mdebug.abi32  0xa00039c8        0x0 build/milestone1/debug/_ext/1094534103/timers.o
 .mdebug.abi32  0xa00039c8        0x0 build/milestone1/debug/_ext/1094534103/event_groups.o
 .mdebug.abi32  0xa00039c8        0x0 build/milestone1/debug/_ext/1042102804/heap_1.o
 .mdebug.abi32  0xa00039c8        0x0 build/milestone1/debug/_ext/1270971519/port.o
 .mdebug.abi32  0xa00039c8        0x0 build/milestone1/debug/_ext/1864120335/drv_tmr_static.o
 .mdebug.abi32  0xa00039c8        0x0 build/milestone1/debug/_ext/1864120335/drv_tmr_mapping.o
 .mdebug.abi32  0xa00039c8        0x0 build/milestone1/debug/_ext/192191419/drv_usart_mapping.o
 .mdebug.abi32  0xa00039c8        0x0 build/milestone1/debug/_ext/192191419/drv_usart_static.o
 .mdebug.abi32  0xa00039c8        0x0 build/milestone1/debug/_ext/192191419/drv_usart_static_byte_model.o
 .mdebug.abi32  0xa00039c8        0x0 build/milestone1/debug/_ext/383799649/sys_clk_static.o
 .mdebug.abi32  0xa00039c8        0x0 build/milestone1/debug/_ext/956857457/sys_ports_static.o
 .mdebug.abi32  0xa00039c8        0x0 build/milestone1/debug/_ext/1555642536/system_init.o
 .mdebug.abi32  0xa00039c8        0x0 build/milestone1/debug/_ext/1555642536/system_interrupt.o
 .mdebug.abi32  0xa00039c8        0x0 build/milestone1/debug/_ext/1555642536/system_exceptions.o
 .mdebug.abi32  0xa00039c8        0x0 build/milestone1/debug/_ext/1555642536/system_tasks.o
 .mdebug.abi32  0xa00039c8        0x0 build/milestone1/debug/_ext/1555642536/rtos_hooks.o
 .mdebug.abi32  0xa00039c8        0x0 c:/program files (x86)/microchip/xc32/v1.42/bin/bin/../../lib/gcc/pic32mx/4.8.3\libgcc.a(floatunsisf.o)
 .mdebug.abi32  0xa00039c8        0x0 c:/program files (x86)/microchip/xc32/v1.42/bin/bin/../../lib/gcc/pic32mx/4.8.3/../../../../pic32mx/lib\libpic32.a(default-bootstrap-exception-handler.o)
 .mdebug.abi32  0xa00039c8        0x0 c:/program files (x86)/microchip/xc32/v1.42/bin/bin/../../lib/gcc/pic32mx/4.8.3/../../../../pic32mx/lib\libpic32.a(default-on-reset.o)
 .mdebug.abi32  0xa00039c8        0x0 c:/program files (x86)/microchip/xc32/v1.42/bin/bin/../../lib/gcc/pic32mx/4.8.3/../../../../pic32mx/lib\libpic32.a(default-on-bootstrap.o)
 .mdebug.abi32  0xa00039c8        0x0 c:/program files (x86)/microchip/xc32/v1.42/bin/bin/../../lib/gcc/pic32mx/4.8.3/../../../../pic32mx/lib\libpic32.a(defaultinterrupt.o)
 .mdebug.abi32  0xa00039c8        0x0 c:/program files (x86)/microchip/xc32/v1.42/bin/bin/../../lib/gcc/pic32mx/4.8.3/../../../../pic32mx/lib\libm.a(w_atan2f.o)
 .mdebug.abi32  0xa00039c8        0x0 c:/program files (x86)/microchip/xc32/v1.42/bin/bin/../../lib/gcc/pic32mx/4.8.3/../../../../pic32mx/lib\libm.a(w_sqrtf.o)
 .mdebug.abi32  0xa00039c8        0x0 c:/program files (x86)/microchip/xc32/v1.42/bin/bin/../../lib/gcc/pic32mx/4.8.3/../../../../pic32mx/lib\libm.a(support.o)
 .mdebug.abi32  0xa00039c8        0x0 c:/program files (x86)/microchip/xc32/v1.42/bin/bin/../../lib/gcc/pic32mx/4.8.3/../../../../pic32mx/lib\libm.a(s_lib_ver.o)
 .mdebug.abi32  0xa00039c8        0x0 c:/program files (x86)/microchip/xc32/v1.42/bin/bin/../../lib/gcc/pic32mx/4.8.3/../../../../pic32mx/lib\libc.a(atoi.o)
 .mdebug.abi32  0xa00039c8        0x0 c:/program files (x86)/microchip/xc32/v1.42/bin/bin/../../lib/gcc/pic32mx/4.8.3/../../../../pic32mx/lib\libc.a(ctype.o)
 .mdebug.abi32  0xa00039c8        0x0 c:/program files (x86)/microchip/xc32/v1.42/bin/bin/../../lib/gcc/pic32mx/4.8.3/../../../../pic32mx/lib\libc.a(errno.o)
 .mdebug.abi32  0xa00039c8        0x0 c:/program files (x86)/microchip/xc32/v1.42/bin/bin/../../lib/gcc/pic32mx/4.8.3/../../../../pic32mx/lib\libc.a(strcat.o)
 .mdebug.abi32  0xa00039c8        0x0 c:/program files (x86)/microchip/xc32/v1.42/bin/bin/../../lib/gcc/pic32mx/4.8.3/../../../../pic32mx/lib\libc.a(sprintf_cdnopuxX.eo)
 .mdebug.abi32  0xa00039c8        0x0 c:/program files (x86)/microchip/xc32/v1.42/bin/bin/../../lib/gcc/pic32mx/4.8.3/../../../../pic32mx/lib\libc.a(doprnt_cdnopuxX.eo)
 .mdebug.abi32  0xa00039c8        0x0 c:/program files (x86)/microchip/xc32/v1.42/bin/bin/../../lib/gcc/pic32mx/4.8.3/../../../../pic32mx/lib\libc.a(_fputc_simple.o)
 .mdebug.abi32  0xa00039c8        0x0 c:/program files (x86)/microchip/xc32/v1.42/bin/bin/../../lib/gcc/pic32mx/4.8.3/../../../../pic32mx/lib\libc.a(_iob.o)
 .mdebug.abi32  0xa00039c8        0x0 c:/program files (x86)/microchip/xc32/v1.42/bin/bin/../../lib/gcc/pic32mx/4.8.3/../../../../pic32mx/lib\libc.a(_flsbuf_simple.o)
 .mdebug.abi32  0xa00039c8        0x0 c:/program files (x86)/microchip/xc32/v1.42/bin/bin/../../lib/gcc/pic32mx/4.8.3/../../../../pic32mx/lib\libpic32.a(write.o)
 .mdebug.abi32  0xa00039c8        0x0 c:/program files (x86)/microchip/xc32/v1.42/bin/bin/../../lib/gcc/pic32mx/4.8.3/../../../../pic32mx/lib\libpic32.a(_mon_putc.o)
 .mdebug.abi32  0xa00039c8        0x0 c:/program files (x86)/microchip/xc32/v1.42/bin/bin/../../lib/gcc/pic32mx/4.8.3/../../../../pic32mx/lib\libpic32.a(xc32_uart.o)
 .mdebug.abi32  0xa00039c8        0x0 c:/program files (x86)/microchip/xc32/v1.42/bin/bin/../../lib/gcc/pic32mx/4.8.3\libgcc.a(_udivdi3.o)
 .mdebug.abi32  0xa00039c8        0x0 c:/program files (x86)/microchip/xc32/v1.42/bin/bin/../../lib/gcc/pic32mx/4.8.3\libgcc.a(_umoddi3.o)

.mdebug.abiN32
 *(.mdebug.abiN32)

.mdebug.abi64
 *(.mdebug.abi64)

.mdebug.abiO64
 *(.mdebug.abiO64)

.mdebug.eabi32
 *(.mdebug.eabi32)

.mdebug.eabi64
 *(.mdebug.eabi64)

.gcc_compiled_long32
 *(.gcc_compiled_long32)

.gcc_compiled_long64
 *(.gcc_compiled_long64)

.stab
 *(.stab)

.stabstr
 *(.stabstr)

.stab.excl
 *(.stab.excl)

.stab.exclstr
 *(.stab.exclstr)

.stab.index
 *(.stab.index)

.stab.indexstr
 *(.stab.indexstr)

.comment        0x00000000       0xbb
 *(.comment)
 .comment       0x00000000       0x3c c:/program files (x86)/microchip/xc32/v1.42/bin/bin/../../lib/gcc/pic32mx/4.8.3/../../../../pic32mx/lib\software-debug-break.o
                                 0x3d (size before relaxing)
 .comment       0x00000000       0x3d build/milestone1/debug/_ext/1360937237/app.o
 .comment       0x00000000       0x3d build/milestone1/debug/_ext/1360937237/main.o
 .comment       0x00000000       0x3d build/milestone1/debug/_ext/1360937237/navigation.o
 .comment       0x00000000       0x3d build/milestone1/debug/_ext/1360937237/communication.o
 .comment       0x00000000       0x3d build/milestone1/debug/_ext/1360937237/ms2test.o
 .comment       0x00000000       0x3d build/milestone1/debug/_ext/1360937237/pathfinding.o
 .comment       0x00000000       0x3d build/milestone1/debug/_ext/1360937237/flagcapture.o
 .comment       0x00000000       0x3d build/milestone1/debug/_ext/1360937237/mapping.o
 .comment       0x00000000       0x3d build/milestone1/debug/_ext/1360937237/LED.o
 .comment       0x00000000       0x3d build/milestone1/debug/_ext/1360937237/linesensing.o
 .comment       0x00000000       0x3d build/milestone1/debug/_ext/1360937237/myi2c.o
 .comment       0x00000000       0x3d build/milestone1/debug/_ext/1360937237/debug.o
 .comment       0x00000000       0x3d build/milestone1/debug/_ext/1360937237/motor.o
 .comment       0x00000000       0x3d build/milestone1/debug/_ext/1360937237/myjson.o
 .comment       0x00000000       0x3d build/milestone1/debug/_ext/1360937237/electromagnet.o
 .comment       0x00000000       0x3d build/milestone1/debug/_ext/1942690078/drv_i2c.o
 .comment       0x00000000       0x3d build/milestone1/debug/_ext/1720177678/osal_freertos.o
 .comment       0x00000000       0x3d build/milestone1/debug/_ext/758908392/sys_devcon.o
 .comment       0x00000000       0x3d build/milestone1/debug/_ext/758908392/sys_devcon_pic32mx.o
 .comment       0x00000000       0x3d build/milestone1/debug/_ext/526036082/sys_int_pic32.o
 .comment       0x00000000       0x3d build/milestone1/debug/_ext/1094534103/croutine.o
 .comment       0x00000000       0x3d build/milestone1/debug/_ext/1094534103/list.o
 .comment       0x00000000       0x3d build/milestone1/debug/_ext/1094534103/queue.o
 .comment       0x00000000       0x3d build/milestone1/debug/_ext/1094534103/tasks.o
 .comment       0x00000000       0x3d build/milestone1/debug/_ext/1094534103/timers.o
 .comment       0x00000000       0x3d build/milestone1/debug/_ext/1094534103/event_groups.o
 .comment       0x00000000       0x3d build/milestone1/debug/_ext/1042102804/heap_1.o
 .comment       0x00000000       0x3d build/milestone1/debug/_ext/1270971519/port.o
 .comment       0x00000000       0x3d build/milestone1/debug/_ext/1864120335/drv_tmr_static.o
 .comment       0x00000000       0x3d build/milestone1/debug/_ext/1864120335/drv_tmr_mapping.o
 .comment       0x00000000       0x3d build/milestone1/debug/_ext/192191419/drv_usart_mapping.o
 .comment       0x00000000       0x3d build/milestone1/debug/_ext/192191419/drv_usart_static.o
 .comment       0x00000000       0x3d build/milestone1/debug/_ext/192191419/drv_usart_static_byte_model.o
 .comment       0x00000000       0x3d build/milestone1/debug/_ext/383799649/sys_clk_static.o
 .comment       0x00000000       0x3d build/milestone1/debug/_ext/956857457/sys_ports_static.o
 .comment       0x00000000       0x3d build/milestone1/debug/_ext/1555642536/system_init.o
 .comment       0x00000000       0x3d build/milestone1/debug/_ext/1555642536/system_interrupt.o
 .comment       0x00000000       0x3d build/milestone1/debug/_ext/1555642536/system_exceptions.o
 .comment       0x00000000       0x3d build/milestone1/debug/_ext/1555642536/system_tasks.o
 .comment       0x00000000       0x3d build/milestone1/debug/_ext/1555642536/rtos_hooks.o
 .comment       0x00000000       0x3d c:/program files (x86)/microchip/xc32/v1.42/bin/bin/../../lib/gcc/pic32mx/4.8.3\libgcc.a(floatunsisf.o)
 .comment       0x0000003c       0x18 c:/program files (x86)/microchip/xc32/v1.42/bin/bin/../../lib/gcc/pic32mx/4.8.3/../../../../pic32mx/lib\libpic32.a(memset.o)
                                 0x19 (size before relaxing)
 .comment       0x00000054       0x19 c:/program files (x86)/microchip/xc32/v1.42/bin/bin/../../lib/gcc/pic32mx/4.8.3/../../../../pic32mx/lib\libpic32.a(strlen.o)
                                 0x1a (size before relaxing)
 .comment       0x00000000       0x3d c:/program files (x86)/microchip/xc32/v1.42/bin/bin/../../lib/gcc/pic32mx/4.8.3/../../../../pic32mx/lib\libpic32.a(default-bootstrap-exception-handler.o)
 .comment       0x00000000       0x3d c:/program files (x86)/microchip/xc32/v1.42/bin/bin/../../lib/gcc/pic32mx/4.8.3/../../../../pic32mx/lib\libpic32.a(default-on-reset.o)
 .comment       0x00000000       0x3d c:/program files (x86)/microchip/xc32/v1.42/bin/bin/../../lib/gcc/pic32mx/4.8.3/../../../../pic32mx/lib\libpic32.a(default-on-bootstrap.o)
 .comment       0x00000000       0x3d c:/program files (x86)/microchip/xc32/v1.42/bin/bin/../../lib/gcc/pic32mx/4.8.3/../../../../pic32mx/lib\libpic32.a(defaultinterrupt.o)
 .comment       0x00000000       0x3d c:/program files (x86)/microchip/xc32/v1.42/bin/bin/../../lib/gcc/pic32mx/4.8.3/../../../../pic32mx/lib\libm.a(w_atan2f.o)
 .comment       0x00000000       0x3d c:/program files (x86)/microchip/xc32/v1.42/bin/bin/../../lib/gcc/pic32mx/4.8.3/../../../../pic32mx/lib\libm.a(w_sqrtf.o)
 .comment       0x00000000       0x3d c:/program files (x86)/microchip/xc32/v1.42/bin/bin/../../lib/gcc/pic32mx/4.8.3/../../../../pic32mx/lib\libm.a(support.o)
 .comment       0x00000000       0x3d c:/program files (x86)/microchip/xc32/v1.42/bin/bin/../../lib/gcc/pic32mx/4.8.3/../../../../pic32mx/lib\libm.a(s_lib_ver.o)
 .comment       0x00000000       0x3d c:/program files (x86)/microchip/xc32/v1.42/bin/bin/../../lib/gcc/pic32mx/4.8.3/../../../../pic32mx/lib\libc.a(atoi.o)
 .comment       0x0000006d       0x4e c:/program files (x86)/microchip/xc32/v1.42/bin/bin/../../lib/gcc/pic32mx/4.8.3/../../../../pic32mx/lib\libc.a(ctype.o)
                                 0x8b (size before relaxing)
 .comment       0x00000000       0x3d c:/program files (x86)/microchip/xc32/v1.42/bin/bin/../../lib/gcc/pic32mx/4.8.3/../../../../pic32mx/lib\libc.a(errno.o)
 .comment       0x00000000       0x3d c:/program files (x86)/microchip/xc32/v1.42/bin/bin/../../lib/gcc/pic32mx/4.8.3/../../../../pic32mx/lib\libc.a(strcat.o)
 .comment       0x00000000       0x3d c:/program files (x86)/microchip/xc32/v1.42/bin/bin/../../lib/gcc/pic32mx/4.8.3/../../../../pic32mx/lib\libc.a(sprintf_cdnopuxX.eo)
 .comment       0x00000000       0x3d c:/program files (x86)/microchip/xc32/v1.42/bin/bin/../../lib/gcc/pic32mx/4.8.3/../../../../pic32mx/lib\libc.a(doprnt_cdnopuxX.eo)
 .comment       0x00000000       0x3d c:/program files (x86)/microchip/xc32/v1.42/bin/bin/../../lib/gcc/pic32mx/4.8.3/../../../../pic32mx/lib\libc.a(_fputc_simple.o)
 .comment       0x00000000       0x3d c:/program files (x86)/microchip/xc32/v1.42/bin/bin/../../lib/gcc/pic32mx/4.8.3/../../../../pic32mx/lib\libc.a(_iob.o)
 .comment       0x00000000       0x3d c:/program files (x86)/microchip/xc32/v1.42/bin/bin/../../lib/gcc/pic32mx/4.8.3/../../../../pic32mx/lib\libc.a(_flsbuf_simple.o)
 .comment       0x00000000       0x3d c:/program files (x86)/microchip/xc32/v1.42/bin/bin/../../lib/gcc/pic32mx/4.8.3/../../../../pic32mx/lib\libpic32.a(write.o)
 .comment       0x00000000       0x3d c:/program files (x86)/microchip/xc32/v1.42/bin/bin/../../lib/gcc/pic32mx/4.8.3/../../../../pic32mx/lib\libpic32.a(_mon_putc.o)
 .comment       0x00000000       0x3d c:/program files (x86)/microchip/xc32/v1.42/bin/bin/../../lib/gcc/pic32mx/4.8.3/../../../../pic32mx/lib\libpic32.a(xc32_uart.o)
 .comment       0x00000000       0x3d c:/program files (x86)/microchip/xc32/v1.42/bin/bin/../../lib/gcc/pic32mx/4.8.3\libgcc.a(_udivdi3.o)
 .comment       0x00000000       0x3d c:/program files (x86)/microchip/xc32/v1.42/bin/bin/../../lib/gcc/pic32mx/4.8.3\libgcc.a(_umoddi3.o)

.debug
 *(.debug)

.line
 *(.line)

.debug_srcinfo
 *(.debug_srcinfo)

.debug_sfnames
 *(.debug_sfnames)

.debug_aranges  0x00000000     0x1778
 *(.debug_aranges)
 .debug_aranges
                0x00000000       0x20 c:/program files (x86)/microchip/xc32/v1.42/bin/bin/../../lib/gcc/pic32mx/4.8.3/../../../../pic32mx/lib\software-debug-break.o
 .debug_aranges
                0x00000020       0x30 build/milestone1/debug/_ext/1360937237/app.o
 .debug_aranges
                0x00000050       0x20 build/milestone1/debug/_ext/1360937237/main.o
 .debug_aranges
                0x00000070       0x70 build/milestone1/debug/_ext/1360937237/navigation.o
 .debug_aranges
                0x000000e0       0xe0 build/milestone1/debug/_ext/1360937237/communication.o
 .debug_aranges
                0x000001c0       0x58 build/milestone1/debug/_ext/1360937237/ms2test.o
 .debug_aranges
                0x00000218      0x178 build/milestone1/debug/_ext/1360937237/pathfinding.o
 .debug_aranges
                0x00000390       0x40 build/milestone1/debug/_ext/1360937237/flagcapture.o
 .debug_aranges
                0x000003d0       0x28 build/milestone1/debug/_ext/1360937237/mapping.o
 .debug_aranges
                0x000003f8       0x28 build/milestone1/debug/_ext/1360937237/LED.o
 .debug_aranges
                0x00000420       0x20 build/milestone1/debug/_ext/1360937237/linesensing.o
 .debug_aranges
                0x00000440       0xb8 build/milestone1/debug/_ext/1360937237/myi2c.o
 .debug_aranges
                0x000004f8       0x48 build/milestone1/debug/_ext/1360937237/debug.o
 .debug_aranges
                0x00000540      0x168 build/milestone1/debug/_ext/1360937237/motor.o
 .debug_aranges
                0x000006a8       0xa0 build/milestone1/debug/_ext/1360937237/myjson.o
 .debug_aranges
                0x00000748       0x38 build/milestone1/debug/_ext/1360937237/electromagnet.o
 .debug_aranges
                0x00000780      0x100 build/milestone1/debug/_ext/1942690078/drv_i2c.o
 .debug_aranges
                0x00000880       0x88 build/milestone1/debug/_ext/1720177678/osal_freertos.o
 .debug_aranges
                0x00000908       0x78 build/milestone1/debug/_ext/758908392/sys_devcon.o
 .debug_aranges
                0x00000980       0x20 build/milestone1/debug/_ext/758908392/sys_devcon_pic32mx.o
 .debug_aranges
                0x000009a0       0x48 build/milestone1/debug/_ext/526036082/sys_int_pic32.o
 .debug_aranges
                0x000009e8       0x18 build/milestone1/debug/_ext/1094534103/croutine.o
 .debug_aranges
                0x00000a00       0x40 build/milestone1/debug/_ext/1094534103/list.o
 .debug_aranges
                0x00000a40       0xb0 build/milestone1/debug/_ext/1094534103/queue.o
 .debug_aranges
                0x00000af0      0x1a0 build/milestone1/debug/_ext/1094534103/tasks.o
 .debug_aranges
                0x00000c90       0x18 build/milestone1/debug/_ext/1094534103/timers.o
 .debug_aranges
                0x00000ca8       0x60 build/milestone1/debug/_ext/1094534103/event_groups.o
 .debug_aranges
                0x00000d08       0x38 build/milestone1/debug/_ext/1042102804/heap_1.o
 .debug_aranges
                0x00000d40       0x58 build/milestone1/debug/_ext/1270971519/port.o
 .debug_aranges
                0x00000d98       0x20 build/milestone1/debug/_ext/1270971519/port_asm.o
 .debug_aranges
                0x00000db8      0x1d8 build/milestone1/debug/_ext/1864120335/drv_tmr_static.o
 .debug_aranges
                0x00000f90       0xc8 build/milestone1/debug/_ext/1864120335/drv_tmr_mapping.o
 .debug_aranges
                0x00001058       0xa8 build/milestone1/debug/_ext/192191419/drv_usart_mapping.o
 .debug_aranges
                0x00001100       0x78 build/milestone1/debug/_ext/192191419/drv_usart_static.o
 .debug_aranges
                0x00001178       0x48 build/milestone1/debug/_ext/192191419/drv_usart_static_byte_model.o
 .debug_aranges
                0x000011c0       0x50 build/milestone1/debug/_ext/383799649/sys_clk_static.o
 .debug_aranges
                0x00001210      0x108 build/milestone1/debug/_ext/956857457/sys_ports_static.o
 .debug_aranges
                0x00001318       0x20 build/milestone1/debug/_ext/1555642536/system_init.o
 .debug_aranges
                0x00001338       0x68 build/milestone1/debug/_ext/1555642536/system_interrupt.o
 .debug_aranges
                0x000013a0       0x20 build/milestone1/debug/_ext/1555642536/system_exceptions.o
 .debug_aranges
                0x000013c0       0x50 build/milestone1/debug/_ext/1555642536/system_tasks.o
 .debug_aranges
                0x00001410       0xa8 build/milestone1/debug/_ext/1555642536/system_interrupt_a.o
 .debug_aranges
                0x000014b8       0x28 build/milestone1/debug/_ext/1555642536/rtos_hooks.o
 .debug_aranges
                0x000014e0       0x20 c:/program files (x86)/microchip/xc32/v1.42/bin/bin/../../lib/gcc/pic32mx/4.8.3\libgcc.a(floatunsisf.o)
 .debug_aranges
                0x00001500       0x20 c:/program files (x86)/microchip/xc32/v1.42/bin/bin/../../lib/gcc/pic32mx/4.8.3/../../../../pic32mx/lib\libpic32.a(default-bootstrap-exception-handler.o)
 .debug_aranges
                0x00001520       0x20 c:/program files (x86)/microchip/xc32/v1.42/bin/bin/../../lib/gcc/pic32mx/4.8.3/../../../../pic32mx/lib\libpic32.a(default-on-reset.o)
 .debug_aranges
                0x00001540       0x20 c:/program files (x86)/microchip/xc32/v1.42/bin/bin/../../lib/gcc/pic32mx/4.8.3/../../../../pic32mx/lib\libpic32.a(default-on-bootstrap.o)
 .debug_aranges
                0x00001560       0x20 c:/program files (x86)/microchip/xc32/v1.42/bin/bin/../../lib/gcc/pic32mx/4.8.3/../../../../pic32mx/lib\libpic32.a(defaultinterrupt.o)
 .debug_aranges
                0x00001580       0x20 c:/program files (x86)/microchip/xc32/v1.42/bin/bin/../../lib/gcc/pic32mx/4.8.3/../../../../pic32mx/lib\libm.a(w_atan2f.o)
 .debug_aranges
                0x000015a0       0x20 c:/program files (x86)/microchip/xc32/v1.42/bin/bin/../../lib/gcc/pic32mx/4.8.3/../../../../pic32mx/lib\libm.a(w_sqrtf.o)
 .debug_aranges
                0x000015c0       0x78 c:/program files (x86)/microchip/xc32/v1.42/bin/bin/../../lib/gcc/pic32mx/4.8.3/../../../../pic32mx/lib\libm.a(support.o)
 .debug_aranges
                0x00001638       0x20 c:/program files (x86)/microchip/xc32/v1.42/bin/bin/../../lib/gcc/pic32mx/4.8.3/../../../../pic32mx/lib\libc.a(atoi.o)
 .debug_aranges
                0x00001658       0x20 c:/program files (x86)/microchip/xc32/v1.42/bin/bin/../../lib/gcc/pic32mx/4.8.3/../../../../pic32mx/lib\libc.a(strcat.o)
 .debug_aranges
                0x00001678       0x20 c:/program files (x86)/microchip/xc32/v1.42/bin/bin/../../lib/gcc/pic32mx/4.8.3/../../../../pic32mx/lib\libc.a(sprintf_cdnopuxX.eo)
 .debug_aranges
                0x00001698       0x20 c:/program files (x86)/microchip/xc32/v1.42/bin/bin/../../lib/gcc/pic32mx/4.8.3/../../../../pic32mx/lib\libc.a(doprnt_cdnopuxX.eo)
 .debug_aranges
                0x000016b8       0x20 c:/program files (x86)/microchip/xc32/v1.42/bin/bin/../../lib/gcc/pic32mx/4.8.3/../../../../pic32mx/lib\libc.a(_fputc_simple.o)
 .debug_aranges
                0x000016d8       0x20 c:/program files (x86)/microchip/xc32/v1.42/bin/bin/../../lib/gcc/pic32mx/4.8.3/../../../../pic32mx/lib\libc.a(_flsbuf_simple.o)
 .debug_aranges
                0x000016f8       0x20 c:/program files (x86)/microchip/xc32/v1.42/bin/bin/../../lib/gcc/pic32mx/4.8.3/../../../../pic32mx/lib\libpic32.a(write.o)
 .debug_aranges
                0x00001718       0x20 c:/program files (x86)/microchip/xc32/v1.42/bin/bin/../../lib/gcc/pic32mx/4.8.3/../../../../pic32mx/lib\libpic32.a(_mon_putc.o)
 .debug_aranges
                0x00001738       0x20 c:/program files (x86)/microchip/xc32/v1.42/bin/bin/../../lib/gcc/pic32mx/4.8.3\libgcc.a(_udivdi3.o)
 .debug_aranges
                0x00001758       0x20 c:/program files (x86)/microchip/xc32/v1.42/bin/bin/../../lib/gcc/pic32mx/4.8.3\libgcc.a(_umoddi3.o)

.debug_pubnames
 *(.debug_pubnames)

.debug_info     0x00000000    0x81e35
 *(.debug_info .gnu.linkonce.wi.*)
 .debug_info    0x00000000       0xe5 c:/program files (x86)/microchip/xc32/v1.42/bin/bin/../../lib/gcc/pic32mx/4.8.3/../../../../pic32mx/lib\software-debug-break.o
 .debug_info    0x000000e5     0x3813 build/milestone1/debug/_ext/1360937237/app.o
 .debug_info    0x000038f8      0x1c1 build/milestone1/debug/_ext/1360937237/main.o
 .debug_info    0x00003ab9     0x5ea9 build/milestone1/debug/_ext/1360937237/navigation.o
 .debug_info    0x00009962     0x64a3 build/milestone1/debug/_ext/1360937237/communication.o
 .debug_info    0x0000fe05     0x389d build/milestone1/debug/_ext/1360937237/ms2test.o
 .debug_info    0x000136a2     0x5274 build/milestone1/debug/_ext/1360937237/pathfinding.o
 .debug_info    0x00018916     0x37ad build/milestone1/debug/_ext/1360937237/flagcapture.o
 .debug_info    0x0001c0c3     0x33c5 build/milestone1/debug/_ext/1360937237/mapping.o
 .debug_info    0x0001f488     0x3338 build/milestone1/debug/_ext/1360937237/LED.o
 .debug_info    0x000227c0     0x3369 build/milestone1/debug/_ext/1360937237/linesensing.o
 .debug_info    0x00025b29     0x6498 build/milestone1/debug/_ext/1360937237/myi2c.o
 .debug_info    0x0002bfc1     0x3652 build/milestone1/debug/_ext/1360937237/debug.o
 .debug_info    0x0002f613     0x4a54 build/milestone1/debug/_ext/1360937237/motor.o
 .debug_info    0x00034067     0x3e1c build/milestone1/debug/_ext/1360937237/myjson.o
 .debug_info    0x00037e83     0x3598 build/milestone1/debug/_ext/1360937237/electromagnet.o
 .debug_info    0x0003b41b     0xb38f build/milestone1/debug/_ext/1942690078/drv_i2c.o
 .debug_info    0x000467aa      0xae4 build/milestone1/debug/_ext/1720177678/osal_freertos.o
 .debug_info    0x0004728e     0x1199 build/milestone1/debug/_ext/758908392/sys_devcon.o
 .debug_info    0x00048427      0xd7d build/milestone1/debug/_ext/758908392/sys_devcon_pic32mx.o
 .debug_info    0x000491a4     0x15ec build/milestone1/debug/_ext/526036082/sys_int_pic32.o
 .debug_info    0x0004a790      0x1ab build/milestone1/debug/_ext/1094534103/croutine.o
 .debug_info    0x0004a93b      0x4ac build/milestone1/debug/_ext/1094534103/list.o
 .debug_info    0x0004ade7     0x197b build/milestone1/debug/_ext/1094534103/queue.o
 .debug_info    0x0004c762     0x2979 build/milestone1/debug/_ext/1094534103/tasks.o
 .debug_info    0x0004f0db      0x1a9 build/milestone1/debug/_ext/1094534103/timers.o
 .debug_info    0x0004f284      0xd90 build/milestone1/debug/_ext/1094534103/event_groups.o
 .debug_info    0x00050014      0x3b6 build/milestone1/debug/_ext/1042102804/heap_1.o
 .debug_info    0x000503ca     0x11e8 build/milestone1/debug/_ext/1270971519/port.o
 .debug_info    0x000515b2       0xf9 build/milestone1/debug/_ext/1270971519/port_asm.o
 .debug_info    0x000516ab     0x558a build/milestone1/debug/_ext/1864120335/drv_tmr_static.o
 .debug_info    0x00056c35     0x1735 build/milestone1/debug/_ext/1864120335/drv_tmr_mapping.o
 .debug_info    0x0005836a     0x421a build/milestone1/debug/_ext/192191419/drv_usart_mapping.o
 .debug_info    0x0005c584     0x6302 build/milestone1/debug/_ext/192191419/drv_usart_static.o
 .debug_info    0x00062886     0x46ea build/milestone1/debug/_ext/192191419/drv_usart_static_byte_model.o
 .debug_info    0x00066f70     0x4025 build/milestone1/debug/_ext/383799649/sys_clk_static.o
 .debug_info    0x0006af95     0x3b0b build/milestone1/debug/_ext/956857457/sys_ports_static.o
 .debug_info    0x0006eaa0     0x5a88 build/milestone1/debug/_ext/1555642536/system_init.o
 .debug_info    0x00074528     0x4cf4 build/milestone1/debug/_ext/1555642536/system_interrupt.o
 .debug_info    0x0007921c     0x3388 build/milestone1/debug/_ext/1555642536/system_exceptions.o
 .debug_info    0x0007c5a4     0x37e9 build/milestone1/debug/_ext/1555642536/system_tasks.o
 .debug_info    0x0007fd8d       0xb4 build/milestone1/debug/_ext/1555642536/system_interrupt_a.o
 .debug_info    0x0007fe41      0x26e build/milestone1/debug/_ext/1555642536/rtos_hooks.o
 .debug_info    0x000800af      0x131 c:/program files (x86)/microchip/xc32/v1.42/bin/bin/../../lib/gcc/pic32mx/4.8.3\libgcc.a(floatunsisf.o)
 .debug_info    0x000801e0       0xf5 c:/program files (x86)/microchip/xc32/v1.42/bin/bin/../../lib/gcc/pic32mx/4.8.3/../../../../pic32mx/lib\libpic32.a(default-bootstrap-exception-handler.o)
 .debug_info    0x000802d5       0xcf c:/program files (x86)/microchip/xc32/v1.42/bin/bin/../../lib/gcc/pic32mx/4.8.3/../../../../pic32mx/lib\libpic32.a(default-on-reset.o)
 .debug_info    0x000803a4       0xd7 c:/program files (x86)/microchip/xc32/v1.42/bin/bin/../../lib/gcc/pic32mx/4.8.3/../../../../pic32mx/lib\libpic32.a(default-on-bootstrap.o)
 .debug_info    0x0008047b       0xe9 c:/program files (x86)/microchip/xc32/v1.42/bin/bin/../../lib/gcc/pic32mx/4.8.3/../../../../pic32mx/lib\libpic32.a(defaultinterrupt.o)
 .debug_info    0x00080564       0xdd c:/program files (x86)/microchip/xc32/v1.42/bin/bin/../../lib/gcc/pic32mx/4.8.3/../../../../pic32mx/lib\libm.a(w_atan2f.o)
 .debug_info    0x00080641       0xbf c:/program files (x86)/microchip/xc32/v1.42/bin/bin/../../lib/gcc/pic32mx/4.8.3/../../../../pic32mx/lib\libm.a(w_sqrtf.o)
 .debug_info    0x00080700      0x1c6 c:/program files (x86)/microchip/xc32/v1.42/bin/bin/../../lib/gcc/pic32mx/4.8.3/../../../../pic32mx/lib\libm.a(support.o)
 .debug_info    0x000808c6       0xc4 c:/program files (x86)/microchip/xc32/v1.42/bin/bin/../../lib/gcc/pic32mx/4.8.3/../../../../pic32mx/lib\libc.a(atoi.o)
 .debug_info    0x0008098a       0xc8 c:/program files (x86)/microchip/xc32/v1.42/bin/bin/../../lib/gcc/pic32mx/4.8.3/../../../../pic32mx/lib\libc.a(strcat.o)
 .debug_info    0x00080a52       0xd4 c:/program files (x86)/microchip/xc32/v1.42/bin/bin/../../lib/gcc/pic32mx/4.8.3/../../../../pic32mx/lib\libc.a(sprintf_cdnopuxX.eo)
 .debug_info    0x00080b26       0xd5 c:/program files (x86)/microchip/xc32/v1.42/bin/bin/../../lib/gcc/pic32mx/4.8.3/../../../../pic32mx/lib\libc.a(doprnt_cdnopuxX.eo)
 .debug_info    0x00080bfb       0xc6 c:/program files (x86)/microchip/xc32/v1.42/bin/bin/../../lib/gcc/pic32mx/4.8.3/../../../../pic32mx/lib\libc.a(_fputc_simple.o)
 .debug_info    0x00080cc1       0xc9 c:/program files (x86)/microchip/xc32/v1.42/bin/bin/../../lib/gcc/pic32mx/4.8.3/../../../../pic32mx/lib\libc.a(_flsbuf_simple.o)
 .debug_info    0x00080d8a       0xc0 c:/program files (x86)/microchip/xc32/v1.42/bin/bin/../../lib/gcc/pic32mx/4.8.3/../../../../pic32mx/lib\libpic32.a(write.o)
 .debug_info    0x00080e4a       0xc8 c:/program files (x86)/microchip/xc32/v1.42/bin/bin/../../lib/gcc/pic32mx/4.8.3/../../../../pic32mx/lib\libpic32.a(_mon_putc.o)
 .debug_info    0x00080f12      0x773 c:/program files (x86)/microchip/xc32/v1.42/bin/bin/../../lib/gcc/pic32mx/4.8.3\libgcc.a(_udivdi3.o)
 .debug_info    0x00081685      0x7b0 c:/program files (x86)/microchip/xc32/v1.42/bin/bin/../../lib/gcc/pic32mx/4.8.3\libgcc.a(_umoddi3.o)

.debug_abbrev   0x00000000     0x5f9e
 *(.debug_abbrev)
 .debug_abbrev  0x00000000       0x28 c:/program files (x86)/microchip/xc32/v1.42/bin/bin/../../lib/gcc/pic32mx/4.8.3/../../../../pic32mx/lib\software-debug-break.o
 .debug_abbrev  0x00000028      0x1cc build/milestone1/debug/_ext/1360937237/app.o
 .debug_abbrev  0x000001f4       0x93 build/milestone1/debug/_ext/1360937237/main.o
 .debug_abbrev  0x00000287      0x385 build/milestone1/debug/_ext/1360937237/navigation.o
 .debug_abbrev  0x0000060c      0x4b6 build/milestone1/debug/_ext/1360937237/communication.o
 .debug_abbrev  0x00000ac2      0x1c2 build/milestone1/debug/_ext/1360937237/ms2test.o
 .debug_abbrev  0x00000c84      0x4a0 build/milestone1/debug/_ext/1360937237/pathfinding.o
 .debug_abbrev  0x00001124      0x1d5 build/milestone1/debug/_ext/1360937237/flagcapture.o
 .debug_abbrev  0x000012f9       0xf6 build/milestone1/debug/_ext/1360937237/mapping.o
 .debug_abbrev  0x000013ef       0xc2 build/milestone1/debug/_ext/1360937237/LED.o
 .debug_abbrev  0x000014b1      0x104 build/milestone1/debug/_ext/1360937237/linesensing.o
 .debug_abbrev  0x000015b5      0x38f build/milestone1/debug/_ext/1360937237/myi2c.o
 .debug_abbrev  0x00001944      0x1f5 build/milestone1/debug/_ext/1360937237/debug.o
 .debug_abbrev  0x00001b39      0x431 build/milestone1/debug/_ext/1360937237/motor.o
 .debug_abbrev  0x00001f6a      0x265 build/milestone1/debug/_ext/1360937237/myjson.o
 .debug_abbrev  0x000021cf      0x1a0 build/milestone1/debug/_ext/1360937237/electromagnet.o
 .debug_abbrev  0x0000236f      0x41e build/milestone1/debug/_ext/1942690078/drv_i2c.o
 .debug_abbrev  0x0000278d      0x1fe build/milestone1/debug/_ext/1720177678/osal_freertos.o
 .debug_abbrev  0x0000298b      0x2a1 build/milestone1/debug/_ext/758908392/sys_devcon.o
 .debug_abbrev  0x00002c2c      0x16d build/milestone1/debug/_ext/758908392/sys_devcon_pic32mx.o
 .debug_abbrev  0x00002d99      0x1ea build/milestone1/debug/_ext/526036082/sys_int_pic32.o
 .debug_abbrev  0x00002f83       0x1b build/milestone1/debug/_ext/1094534103/croutine.o
 .debug_abbrev  0x00002f9e       0xf1 build/milestone1/debug/_ext/1094534103/list.o
 .debug_abbrev  0x0000308f      0x310 build/milestone1/debug/_ext/1094534103/queue.o
 .debug_abbrev  0x0000339f      0x308 build/milestone1/debug/_ext/1094534103/tasks.o
 .debug_abbrev  0x000036a7       0x1b build/milestone1/debug/_ext/1094534103/timers.o
 .debug_abbrev  0x000036c2      0x29a build/milestone1/debug/_ext/1094534103/event_groups.o
 .debug_abbrev  0x0000395c      0x13f build/milestone1/debug/_ext/1042102804/heap_1.o
 .debug_abbrev  0x00003a9b      0x2cf build/milestone1/debug/_ext/1270971519/port.o
 .debug_abbrev  0x00003d6a       0x14 build/milestone1/debug/_ext/1270971519/port_asm.o
 .debug_abbrev  0x00003d7e      0x382 build/milestone1/debug/_ext/1864120335/drv_tmr_static.o
 .debug_abbrev  0x00004100      0x2ba build/milestone1/debug/_ext/1864120335/drv_tmr_mapping.o
 .debug_abbrev  0x000043ba      0x260 build/milestone1/debug/_ext/192191419/drv_usart_mapping.o
 .debug_abbrev  0x0000461a      0x3db build/milestone1/debug/_ext/192191419/drv_usart_static.o
 .debug_abbrev  0x000049f5      0x28e build/milestone1/debug/_ext/192191419/drv_usart_static_byte_model.o
 .debug_abbrev  0x00004c83      0x2ba build/milestone1/debug/_ext/383799649/sys_clk_static.o
 .debug_abbrev  0x00004f3d      0x222 build/milestone1/debug/_ext/956857457/sys_ports_static.o
 .debug_abbrev  0x0000515f      0x317 build/milestone1/debug/_ext/1555642536/system_init.o
 .debug_abbrev  0x00005476      0x28f build/milestone1/debug/_ext/1555642536/system_interrupt.o
 .debug_abbrev  0x00005705       0xe3 build/milestone1/debug/_ext/1555642536/system_exceptions.o
 .debug_abbrev  0x000057e8      0x173 build/milestone1/debug/_ext/1555642536/system_tasks.o
 .debug_abbrev  0x0000595b       0x12 build/milestone1/debug/_ext/1555642536/system_interrupt_a.o
 .debug_abbrev  0x0000596d       0x97 build/milestone1/debug/_ext/1555642536/rtos_hooks.o
 .debug_abbrev  0x00005a04       0x62 c:/program files (x86)/microchip/xc32/v1.42/bin/bin/../../lib/gcc/pic32mx/4.8.3\libgcc.a(floatunsisf.o)
 .debug_abbrev  0x00005a66       0x28 c:/program files (x86)/microchip/xc32/v1.42/bin/bin/../../lib/gcc/pic32mx/4.8.3/../../../../pic32mx/lib\libpic32.a(default-bootstrap-exception-handler.o)
 .debug_abbrev  0x00005a8e       0x28 c:/program files (x86)/microchip/xc32/v1.42/bin/bin/../../lib/gcc/pic32mx/4.8.3/../../../../pic32mx/lib\libpic32.a(default-on-reset.o)
 .debug_abbrev  0x00005ab6       0x28 c:/program files (x86)/microchip/xc32/v1.42/bin/bin/../../lib/gcc/pic32mx/4.8.3/../../../../pic32mx/lib\libpic32.a(default-on-bootstrap.o)
 .debug_abbrev  0x00005ade       0x28 c:/program files (x86)/microchip/xc32/v1.42/bin/bin/../../lib/gcc/pic32mx/4.8.3/../../../../pic32mx/lib\libpic32.a(defaultinterrupt.o)
 .debug_abbrev  0x00005b06       0x44 c:/program files (x86)/microchip/xc32/v1.42/bin/bin/../../lib/gcc/pic32mx/4.8.3/../../../../pic32mx/lib\libm.a(w_atan2f.o)
 .debug_abbrev  0x00005b4a       0x28 c:/program files (x86)/microchip/xc32/v1.42/bin/bin/../../lib/gcc/pic32mx/4.8.3/../../../../pic32mx/lib\libm.a(w_sqrtf.o)
 .debug_abbrev  0x00005b72       0x6d c:/program files (x86)/microchip/xc32/v1.42/bin/bin/../../lib/gcc/pic32mx/4.8.3/../../../../pic32mx/lib\libm.a(support.o)
 .debug_abbrev  0x00005bdf       0x28 c:/program files (x86)/microchip/xc32/v1.42/bin/bin/../../lib/gcc/pic32mx/4.8.3/../../../../pic32mx/lib\libc.a(atoi.o)
 .debug_abbrev  0x00005c07       0x28 c:/program files (x86)/microchip/xc32/v1.42/bin/bin/../../lib/gcc/pic32mx/4.8.3/../../../../pic32mx/lib\libc.a(strcat.o)
 .debug_abbrev  0x00005c2f       0x28 c:/program files (x86)/microchip/xc32/v1.42/bin/bin/../../lib/gcc/pic32mx/4.8.3/../../../../pic32mx/lib\libc.a(sprintf_cdnopuxX.eo)
 .debug_abbrev  0x00005c57       0x28 c:/program files (x86)/microchip/xc32/v1.42/bin/bin/../../lib/gcc/pic32mx/4.8.3/../../../../pic32mx/lib\libc.a(doprnt_cdnopuxX.eo)
 .debug_abbrev  0x00005c7f       0x28 c:/program files (x86)/microchip/xc32/v1.42/bin/bin/../../lib/gcc/pic32mx/4.8.3/../../../../pic32mx/lib\libc.a(_fputc_simple.o)
 .debug_abbrev  0x00005ca7       0x28 c:/program files (x86)/microchip/xc32/v1.42/bin/bin/../../lib/gcc/pic32mx/4.8.3/../../../../pic32mx/lib\libc.a(_flsbuf_simple.o)
 .debug_abbrev  0x00005ccf       0x28 c:/program files (x86)/microchip/xc32/v1.42/bin/bin/../../lib/gcc/pic32mx/4.8.3/../../../../pic32mx/lib\libpic32.a(write.o)
 .debug_abbrev  0x00005cf7       0x28 c:/program files (x86)/microchip/xc32/v1.42/bin/bin/../../lib/gcc/pic32mx/4.8.3/../../../../pic32mx/lib\libpic32.a(_mon_putc.o)
 .debug_abbrev  0x00005d1f      0x138 c:/program files (x86)/microchip/xc32/v1.42/bin/bin/../../lib/gcc/pic32mx/4.8.3\libgcc.a(_udivdi3.o)
 .debug_abbrev  0x00005e57      0x147 c:/program files (x86)/microchip/xc32/v1.42/bin/bin/../../lib/gcc/pic32mx/4.8.3\libgcc.a(_umoddi3.o)

.debug_line     0x00000000     0xee1a
 *(.debug_line)
 .debug_line    0x00000000       0x9c c:/program files (x86)/microchip/xc32/v1.42/bin/bin/../../lib/gcc/pic32mx/4.8.3/../../../../pic32mx/lib\software-debug-break.o
 .debug_line    0x0000009c      0x407 build/milestone1/debug/_ext/1360937237/app.o
 .debug_line    0x000004a3       0xcc build/milestone1/debug/_ext/1360937237/main.o
 .debug_line    0x0000056f      0x865 build/milestone1/debug/_ext/1360937237/navigation.o
 .debug_line    0x00000dd4      0x8fc build/milestone1/debug/_ext/1360937237/communication.o
 .debug_line    0x000016d0      0x2c3 build/milestone1/debug/_ext/1360937237/ms2test.o
 .debug_line    0x00001993      0x8f1 build/milestone1/debug/_ext/1360937237/pathfinding.o
 .debug_line    0x00002284      0x385 build/milestone1/debug/_ext/1360937237/flagcapture.o
 .debug_line    0x00002609      0x224 build/milestone1/debug/_ext/1360937237/mapping.o
 .debug_line    0x0000282d      0x210 build/milestone1/debug/_ext/1360937237/LED.o
 .debug_line    0x00002a3d      0x20c build/milestone1/debug/_ext/1360937237/linesensing.o
 .debug_line    0x00002c49      0xbc4 build/milestone1/debug/_ext/1360937237/myi2c.o
 .debug_line    0x0000380d      0x362 build/milestone1/debug/_ext/1360937237/debug.o
 .debug_line    0x00003b6f      0x6b1 build/milestone1/debug/_ext/1360937237/motor.o
 .debug_line    0x00004220      0x44e build/milestone1/debug/_ext/1360937237/myjson.o
 .debug_line    0x0000466e      0x29e build/milestone1/debug/_ext/1360937237/electromagnet.o
 .debug_line    0x0000490c     0x26e4 build/milestone1/debug/_ext/1942690078/drv_i2c.o
 .debug_line    0x00006ff0      0x2bb build/milestone1/debug/_ext/1720177678/osal_freertos.o
 .debug_line    0x000072ab      0x5c6 build/milestone1/debug/_ext/758908392/sys_devcon.o
 .debug_line    0x00007871      0x471 build/milestone1/debug/_ext/758908392/sys_devcon_pic32mx.o
 .debug_line    0x00007ce2      0x38c build/milestone1/debug/_ext/526036082/sys_int_pic32.o
 .debug_line    0x0000806e       0x1d build/milestone1/debug/_ext/1094534103/croutine.o
 .debug_line    0x0000808b      0x1dc build/milestone1/debug/_ext/1094534103/list.o
 .debug_line    0x00008267      0x496 build/milestone1/debug/_ext/1094534103/queue.o
 .debug_line    0x000086fd      0x803 build/milestone1/debug/_ext/1094534103/tasks.o
 .debug_line    0x00008f00       0x1d build/milestone1/debug/_ext/1094534103/timers.o
 .debug_line    0x00008f1d      0x325 build/milestone1/debug/_ext/1094534103/event_groups.o
 .debug_line    0x00009242      0x217 build/milestone1/debug/_ext/1042102804/heap_1.o
 .debug_line    0x00009459      0x23a build/milestone1/debug/_ext/1270971519/port.o
 .debug_line    0x00009693      0x129 build/milestone1/debug/_ext/1270971519/port_asm.o
 .debug_line    0x000097bc      0xcae build/milestone1/debug/_ext/1864120335/drv_tmr_static.o
 .debug_line    0x0000a46a      0x538 build/milestone1/debug/_ext/1864120335/drv_tmr_mapping.o
 .debug_line    0x0000a9a2      0x55c build/milestone1/debug/_ext/192191419/drv_usart_mapping.o
 .debug_line    0x0000aefe      0x904 build/milestone1/debug/_ext/192191419/drv_usart_static.o
 .debug_line    0x0000b802      0x5f4 build/milestone1/debug/_ext/192191419/drv_usart_static_byte_model.o
 .debug_line    0x0000bdf6      0x553 build/milestone1/debug/_ext/383799649/sys_clk_static.o
 .debug_line    0x0000c349      0x79b build/milestone1/debug/_ext/956857457/sys_ports_static.o
 .debug_line    0x0000cae4      0x7c0 build/milestone1/debug/_ext/1555642536/system_init.o
 .debug_line    0x0000d2a4      0x642 build/milestone1/debug/_ext/1555642536/system_interrupt.o
 .debug_line    0x0000d8e6      0x27a build/milestone1/debug/_ext/1555642536/system_exceptions.o
 .debug_line    0x0000db60      0x4a4 build/milestone1/debug/_ext/1555642536/system_tasks.o
 .debug_line    0x0000e004      0x1ce build/milestone1/debug/_ext/1555642536/system_interrupt_a.o
 .debug_line    0x0000e1d2      0x15a build/milestone1/debug/_ext/1555642536/rtos_hooks.o
 .debug_line    0x0000e32c       0x9c c:/program files (x86)/microchip/xc32/v1.42/bin/bin/../../lib/gcc/pic32mx/4.8.3\libgcc.a(floatunsisf.o)
 .debug_line    0x0000e3c8       0xa9 c:/program files (x86)/microchip/xc32/v1.42/bin/bin/../../lib/gcc/pic32mx/4.8.3/../../../../pic32mx/lib\libpic32.a(default-bootstrap-exception-handler.o)
 .debug_line    0x0000e471       0x96 c:/program files (x86)/microchip/xc32/v1.42/bin/bin/../../lib/gcc/pic32mx/4.8.3/../../../../pic32mx/lib\libpic32.a(default-on-reset.o)
 .debug_line    0x0000e507       0x9a c:/program files (x86)/microchip/xc32/v1.42/bin/bin/../../lib/gcc/pic32mx/4.8.3/../../../../pic32mx/lib\libpic32.a(default-on-bootstrap.o)
 .debug_line    0x0000e5a1       0xa8 c:/program files (x86)/microchip/xc32/v1.42/bin/bin/../../lib/gcc/pic32mx/4.8.3/../../../../pic32mx/lib\libpic32.a(defaultinterrupt.o)
 .debug_line    0x0000e649       0x8b c:/program files (x86)/microchip/xc32/v1.42/bin/bin/../../lib/gcc/pic32mx/4.8.3/../../../../pic32mx/lib\libm.a(w_atan2f.o)
 .debug_line    0x0000e6d4       0x8a c:/program files (x86)/microchip/xc32/v1.42/bin/bin/../../lib/gcc/pic32mx/4.8.3/../../../../pic32mx/lib\libm.a(w_sqrtf.o)
 .debug_line    0x0000e75e       0x88 c:/program files (x86)/microchip/xc32/v1.42/bin/bin/../../lib/gcc/pic32mx/4.8.3/../../../../pic32mx/lib\libm.a(support.o)